Archive member included to satisfy reference by file (symbol)

c:/ac6/systemworkbench/plugins/fr.ac6.mcu.externaltools.arm-none.win32_1.17.0.201812190825/tools/compiler/bin/../lib/gcc/arm-none-eabi/7.3.1/thumb/v7e-m/fpv4-sp/softfp\libgcc.a(_aeabi_uldivmod.o)
                              Middlewares/Third_Party/mbedTLS/bignum.o (__aeabi_uldivmod)
c:/ac6/systemworkbench/plugins/fr.ac6.mcu.externaltools.arm-none.win32_1.17.0.201812190825/tools/compiler/bin/../lib/gcc/arm-none-eabi/7.3.1/thumb/v7e-m/fpv4-sp/softfp\libgcc.a(_udivmoddi4.o)
                              c:/ac6/systemworkbench/plugins/fr.ac6.mcu.externaltools.arm-none.win32_1.17.0.201812190825/tools/compiler/bin/../lib/gcc/arm-none-eabi/7.3.1/thumb/v7e-m/fpv4-sp/softfp\libgcc.a(_aeabi_uldivmod.o) (__udivmoddi4)
c:/ac6/systemworkbench/plugins/fr.ac6.mcu.externaltools.arm-none.win32_1.17.0.201812190825/tools/compiler/bin/../lib/gcc/arm-none-eabi/7.3.1/thumb/v7e-m/fpv4-sp/softfp\libgcc.a(_dvmd_tls.o)
                              c:/ac6/systemworkbench/plugins/fr.ac6.mcu.externaltools.arm-none.win32_1.17.0.201812190825/tools/compiler/bin/../lib/gcc/arm-none-eabi/7.3.1/thumb/v7e-m/fpv4-sp/softfp\libgcc.a(_aeabi_uldivmod.o) (__aeabi_ldiv0)
c:/ac6/systemworkbench/plugins/fr.ac6.mcu.externaltools.arm-none.win32_1.17.0.201812190825/tools/compiler/bin/../lib/gcc/arm-none-eabi/7.3.1/../../../../arm-none-eabi/lib/thumb/v7e-m/fpv4-sp/softfp\libc_nano.a(lib_a-calloc.o)
                              Middlewares/Third_Party/mbedTLS/bignum.o (calloc)
c:/ac6/systemworkbench/plugins/fr.ac6.mcu.externaltools.arm-none.win32_1.17.0.201812190825/tools/compiler/bin/../lib/gcc/arm-none-eabi/7.3.1/../../../../arm-none-eabi/lib/thumb/v7e-m/fpv4-sp/softfp\libc_nano.a(lib_a-errno.o)
                              Application/SW4STM32/syscalls.o (__errno)
c:/ac6/systemworkbench/plugins/fr.ac6.mcu.externaltools.arm-none.win32_1.17.0.201812190825/tools/compiler/bin/../lib/gcc/arm-none-eabi/7.3.1/../../../../arm-none-eabi/lib/thumb/v7e-m/fpv4-sp/softfp\libc_nano.a(lib_a-exit.o)
                              c:/ac6/systemworkbench/plugins/fr.ac6.mcu.externaltools.arm-none.win32_1.17.0.201812190825/tools/compiler/bin/../lib/gcc/arm-none-eabi/7.3.1/../../../../arm-none-eabi/lib/thumb/v7e-m/fpv4-sp/softfp/crt0.o (exit)
c:/ac6/systemworkbench/plugins/fr.ac6.mcu.externaltools.arm-none.win32_1.17.0.201812190825/tools/compiler/bin/../lib/gcc/arm-none-eabi/7.3.1/../../../../arm-none-eabi/lib/thumb/v7e-m/fpv4-sp/softfp\libc_nano.a(lib_a-impure.o)
                              c:/ac6/systemworkbench/plugins/fr.ac6.mcu.externaltools.arm-none.win32_1.17.0.201812190825/tools/compiler/bin/../lib/gcc/arm-none-eabi/7.3.1/../../../../arm-none-eabi/lib/thumb/v7e-m/fpv4-sp/softfp\libc_nano.a(lib_a-exit.o) (_global_impure_ptr)
c:/ac6/systemworkbench/plugins/fr.ac6.mcu.externaltools.arm-none.win32_1.17.0.201812190825/tools/compiler/bin/../lib/gcc/arm-none-eabi/7.3.1/../../../../arm-none-eabi/lib/thumb/v7e-m/fpv4-sp/softfp\libc_nano.a(lib_a-init.o)
                              c:/ac6/systemworkbench/plugins/fr.ac6.mcu.externaltools.arm-none.win32_1.17.0.201812190825/tools/compiler/bin/../lib/gcc/arm-none-eabi/7.3.1/../../../../arm-none-eabi/lib/thumb/v7e-m/fpv4-sp/softfp/crt0.o (__libc_init_array)
c:/ac6/systemworkbench/plugins/fr.ac6.mcu.externaltools.arm-none.win32_1.17.0.201812190825/tools/compiler/bin/../lib/gcc/arm-none-eabi/7.3.1/../../../../arm-none-eabi/lib/thumb/v7e-m/fpv4-sp/softfp\libc_nano.a(lib_a-malloc.o)
                              Middlewares/Third_Party/mbedTLS/bignum.o (free)
c:/ac6/systemworkbench/plugins/fr.ac6.mcu.externaltools.arm-none.win32_1.17.0.201812190825/tools/compiler/bin/../lib/gcc/arm-none-eabi/7.3.1/../../../../arm-none-eabi/lib/thumb/v7e-m/fpv4-sp/softfp\libc_nano.a(lib_a-memcpy-stub.o)
                              Application/User/se_crypto_bootloader.o (memcpy)
c:/ac6/systemworkbench/plugins/fr.ac6.mcu.externaltools.arm-none.win32_1.17.0.201812190825/tools/compiler/bin/../lib/gcc/arm-none-eabi/7.3.1/../../../../arm-none-eabi/lib/thumb/v7e-m/fpv4-sp/softfp\libc_nano.a(lib_a-memset.o)
                              c:/ac6/systemworkbench/plugins/fr.ac6.mcu.externaltools.arm-none.win32_1.17.0.201812190825/tools/compiler/bin/../lib/gcc/arm-none-eabi/7.3.1/../../../../arm-none-eabi/lib/thumb/v7e-m/fpv4-sp/softfp/crt0.o (memset)
c:/ac6/systemworkbench/plugins/fr.ac6.mcu.externaltools.arm-none.win32_1.17.0.201812190825/tools/compiler/bin/../lib/gcc/arm-none-eabi/7.3.1/../../../../arm-none-eabi/lib/thumb/v7e-m/fpv4-sp/softfp\libc_nano.a(lib_a-nano-callocr.o)
                              c:/ac6/systemworkbench/plugins/fr.ac6.mcu.externaltools.arm-none.win32_1.17.0.201812190825/tools/compiler/bin/../lib/gcc/arm-none-eabi/7.3.1/../../../../arm-none-eabi/lib/thumb/v7e-m/fpv4-sp/softfp\libc_nano.a(lib_a-calloc.o) (_calloc_r)
[...]
Memory Configuration

Name             Origin             Length             Attributes
SE_Entry_Secure_ROM_Region 0x08000204         0x000001fc         xr
SE_Key_region_ROM 0x08000400         0x00000100         xr
SE_Startup_region_ROM 0x08000500         0x00000100         xr
SE_ROM_region    0x08000600         0x00008f00         xr
SE_IF_region_ROM 0x08009500         0x00000600         xr
SB_ROM_region    0x08009b00         0x0000a500         xr
SE_SRAM1_region  0x20001000         0x00001e00         xrw
SB_SRAM1_region  0x20002e00         0x00015200         xrw
*default*        0x00000000         0xffffffff

Linker script and memory map

LOAD c:/ac6/systemworkbench/plugins/fr.ac6.mcu.externaltools.arm-none.win32_1.17.0.201812190825/tools/compiler/bin/../lib/gcc/arm-none-eabi/7.3.1/thumb/v7e-m/fpv4-sp/softfp/crti.o
LOAD c:/ac6/systemworkbench/plugins/fr.ac6.mcu.externaltools.arm-none.win32_1.17.0.201812190825/tools/compiler/bin/../lib/gcc/arm-none-eabi/7.3.1/thumb/v7e-m/fpv4-sp/softfp/crtbegin.o
LOAD c:/ac6/systemworkbench/plugins/fr.ac6.mcu.externaltools.arm-none.win32_1.17.0.201812190825/tools/compiler/bin/../lib/gcc/arm-none-eabi/7.3.1/../../../../arm-none-eabi/lib/thumb/v7e-m/fpv4-sp/softfp/crt0.o
LOAD Application/SW4STM32/data_init.o
LOAD Application/SW4STM32/se_key.o
LOAD Application/SW4STM32/startup_stm32l476xx.o
LOAD Application/SW4STM32/syscalls.o
LOAD Application/User/se_crypto_bootloader.o
LOAD Application/User/se_low_level.o
LOAD Drivers/STM32L4xx_HAL_Driver/stm32l4xx_hal_crc.o
LOAD Drivers/STM32L4xx_HAL_Driver/stm32l4xx_hal_crc_ex.o
LOAD Drivers/STM32L4xx_HAL_Driver/stm32l4xx_hal_firewall.o
LOAD Drivers/STM32L4xx_HAL_Driver/stm32l4xx_hal_flash.o
LOAD Drivers/STM32L4xx_HAL_Driver/stm32l4xx_hal_flash_ex.o
LOAD Middlewares/STM32_Secure_Engine/se_bootinfo.o
LOAD Middlewares/STM32_Secure_Engine/se_callgate.o
LOAD Middlewares/STM32_Secure_Engine/se_exception.o
LOAD Middlewares/STM32_Secure_Engine/se_fwimg.o
LOAD Middlewares/STM32_Secure_Engine/se_stack_smuggler_GNU.o
LOAD Middlewares/STM32_Secure_Engine/se_startup.o
LOAD Middlewares/STM32_Secure_Engine/se_user_application.o
LOAD Middlewares/STM32_Secure_Engine/se_utils.o
LOAD Middlewares/Third_Party/mbedTLS/aes.o
LOAD Middlewares/Third_Party/mbedTLS/bignum.o
LOAD Middlewares/Third_Party/mbedTLS/camellia.o
LOAD Middlewares/Third_Party/mbedTLS/cipher.o
LOAD Middlewares/Third_Party/mbedTLS/cipher_wrap.o
LOAD Middlewares/Third_Party/mbedTLS/ecdsa.o
LOAD Middlewares/Third_Party/mbedTLS/ecp.o
LOAD Middlewares/Third_Party/mbedTLS/ecp_curves.o
LOAD Middlewares/Third_Party/mbedTLS/gcm.o
LOAD Middlewares/Third_Party/mbedTLS/md.o
LOAD Middlewares/Third_Party/mbedTLS/platform.o
LOAD Middlewares/Third_Party/mbedTLS/platform_util.o
LOAD Middlewares/Third_Party/mbedTLS/sha256.o
LOAD c:/ac6/systemworkbench/plugins/fr.ac6.mcu.externaltools.arm-none.win32_1.17.0.201812190825/tools/compiler/bin/../lib/gcc/arm-none-eabi/7.3.1/../../../../arm-none-eabi/lib/thumb/v7e-m/fpv4-sp/softfp\libm.a
START GROUP
LOAD c:/ac6/systemworkbench/plugins/fr.ac6.mcu.externaltools.arm-none.win32_1.17.0.201812190825/tools/compiler/bin/../lib/gcc/arm-none-eabi/7.3.1/thumb/v7e-m/fpv4-sp/softfp\libgcc.a
LOAD c:/ac6/systemworkbench/plugins/fr.ac6.mcu.externaltools.arm-none.win32_1.17.0.201812190825/tools/compiler/bin/../lib/gcc/arm-none-eabi/7.3.1/../../../../arm-none-eabi/lib/thumb/v7e-m/fpv4-sp/softfp\libc_nano.a
END GROUP
START GROUP
LOAD c:/ac6/systemworkbench/plugins/fr.ac6.mcu.externaltools.arm-none.win32_1.17.0.201812190825/tools/compiler/bin/../lib/gcc/arm-none-eabi/7.3.1/thumb/v7e-m/fpv4-sp/softfp\libgcc.a
LOAD c:/ac6/systemworkbench/plugins/fr.ac6.mcu.externaltools.arm-none.win32_1.17.0.201812190825/tools/compiler/bin/../lib/gcc/arm-none-eabi/7.3.1/../../../../arm-none-eabi/lib/thumb/v7e-m/fpv4-sp/softfp\libc_nano.a
LOAD c:/ac6/systemworkbench/plugins/fr.ac6.mcu.externaltools.arm-none.win32_1.17.0.201812190825/tools/compiler/bin/../lib/gcc/arm-none-eabi/7.3.1/../../../../arm-none-eabi/lib/thumb/v7e-m/fpv4-sp/softfp\libnosys.a
END GROUP
START GROUP
LOAD c:/ac6/systemworkbench/plugins/fr.ac6.mcu.externaltools.arm-none.win32_1.17.0.201812190825/tools/compiler/bin/../lib/gcc/arm-none-eabi/7.3.1/thumb/v7e-m/fpv4-sp/softfp\libgcc.a
LOAD c:/ac6/systemworkbench/plugins/fr.ac6.mcu.externaltools.arm-none.win32_1.17.0.201812190825/tools/compiler/bin/../lib/gcc/arm-none-eabi/7.3.1/../../../../arm-none-eabi/lib/thumb/v7e-m/fpv4-sp/softfp\libc_nano.a
LOAD c:/ac6/systemworkbench/plugins/fr.ac6.mcu.externaltools.arm-none.win32_1.17.0.201812190825/tools/compiler/bin/../lib/gcc/arm-none-eabi/7.3.1/../../../../arm-none-eabi/lib/thumb/v7e-m/fpv4-sp/softfp\libnosys.a
END GROUP
LOAD c:/ac6/systemworkbench/plugins/fr.ac6.mcu.externaltools.arm-none.win32_1.17.0.201812190825/tools/compiler/bin/../lib/gcc/arm-none-eabi/7.3.1/thumb/v7e-m/fpv4-sp/softfp/crtend.o
LOAD c:/ac6/systemworkbench/plugins/fr.ac6.mcu.externaltools.arm-none.win32_1.17.0.201812190825/tools/compiler/bin/../lib/gcc/arm-none-eabi/7.3.1/thumb/v7e-m/fpv4-sp/softfp/crtn.o
                0x00001000                _Min_Heap_Size = 0x1000
                0x00000000                _Min_Stack_Size = 0x0
                0x080f0000                __ICFEDIT_region_SWAP_start__ = 0x80f0000
                0x080f1fff                __ICFEDIT_region_SWAP_end__ = 0x80f1fff
                0x08086000                __ICFEDIT_region_SLOT_0_start__ = 0x8086000
                0x080effff                __ICFEDIT_region_SLOT_0_end__ = 0x80effff
                0x08014000                __ICFEDIT_region_SLOT_1_start__ = 0x8014000
                0x0807dfff                __ICFEDIT_region_SLOT_1_end__ = 0x807dfff
                0x00000200                VECTOR_SIZE = 0x200
                0x08000200                __ICFEDIT_SE_Code_region_ROM_start__ = (0x8000000 + VECTOR_SIZE)
                0x08000204                __ICFEDIT_SE_CallGate_region_ROM_start__ = (__ICFEDIT_SE_Code_region_ROM_start__ + 0x4)
                0x080003ff                __ICFEDIT_SE_CallGate_region_ROM_end__ = (__ICFEDIT_SE_Code_region_ROM_start__ + 0x1ff)
                0x08000400                __ICFEDIT_SE_Key_region_ROM_start__ = (__ICFEDIT_SE_CallGate_region_ROM_end__ + 0x1)
                0x080004ff                __ICFEDIT_SE_Key_region_ROM_end__ = (__ICFEDIT_SE_Key_region_ROM_start__ + 0xff)
                0x08000500                __ICFEDIT_SE_Startup_region_ROM_start__ = (__ICFEDIT_SE_Key_region_ROM_end__ + 0x1)
                0x08000600                __ICFEDIT_SE_Code_nokey_region_ROM_start__ = (__ICFEDIT_SE_Startup_region_ROM_start__ + 0x100)
                0x080094ff                __ICFEDIT_SE_Code_region_ROM_end__ = (__ICFEDIT_SE_Startup_region_ROM_start__ + 0x8fff)
                0x08009500                __ICFEDIT_SE_IF_region_ROM_start__ = (__ICFEDIT_SE_Code_region_ROM_end__ + 0x1)
                0x08009aff                __ICFEDIT_SE_IF_region_ROM_end__ = (__ICFEDIT_SE_IF_region_ROM_start__ + 0x5ff)
                0x08009b00                __ICFEDIT_SB_region_ROM_start__ = (__ICFEDIT_SE_IF_region_ROM_end__ + 0x1)
                0x08013fff                __ICFEDIT_SB_region_ROM_end__ = 0x8013fff
                0x000001fc                SE_Entry_Secure_ROM_Region_Length = ((__ICFEDIT_SE_CallGate_region_ROM_end__ - __ICFEDIT_SE_CallGate_region_ROM_start__) + 0x1)
                0x00000100                SE_Key_region_ROM_Length = ((__ICFEDIT_SE_Key_region_ROM_end__ - __ICFEDIT_SE_Key_region_ROM_start__) + 0x1)
                0x00000100                SE_Startup_region_ROM_Length = (__ICFEDIT_SE_Code_nokey_region_ROM_start__ - __ICFEDIT_SE_Startup_region_ROM_start__)
                0x00008f00                SE_ROM_region_Length = ((__ICFEDIT_SE_Code_region_ROM_end__ - __ICFEDIT_SE_Code_nokey_region_ROM_start__) + 0x1)
                0x00000600                SE_IF_region_ROM_Length = ((__ICFEDIT_SE_IF_region_ROM_end__ - __ICFEDIT_SE_IF_region_ROM_start__) + 0x1)
                0x0000a500                SB_ROM_region_Length = ((__ICFEDIT_SB_region_ROM_end__ - __ICFEDIT_SB_region_ROM_start__) + 0x1)
                0x20000000                __ICFEDIT_SE_region_SRAM1_start__ = 0x20000000
                0x20001000                __ICFEDIT_SE_region_SRAM1_stack_top__ = 0x20001000
                0x20002dff                __ICFEDIT_SE_region_SRAM1_end__ = 0x20002dff
                0x20002e00                __ICFEDIT_SB_region_SRAM1_start__ = (__ICFEDIT_SE_region_SRAM1_end__ + 0x1)
                0x20017fff                __ICFEDIT_SB_region_SRAM1_end__ = 0x20017fff
                0x00001e00                SE_SRAM1_region_Length = ((__ICFEDIT_SE_region_SRAM1_end__ - __ICFEDIT_SE_region_SRAM1_stack_top__) + 0x1)
                0x00015200                SB_SRAM1_region_Length = ((__ICFEDIT_SB_region_SRAM1_end__ - __ICFEDIT_SB_region_SRAM1_start__) + 0x1)

.SE_CallGate_Code
                0x08000204      0x118
 *(.SE_CallGate_Code)
 .SE_CallGate_Code
                0x08000204      0x118 Middlewares/STM32_Secure_Engine/se_callgate.o
                0x08000204                SE_CallGate

.SE_Key_Data    0x08000400       0xa2
 *(.SE_Key_Data)
 .SE_Key_Data   0x08000400       0xa2 Application/SW4STM32/se_key.o
                0x08000400                SE_ReadKey_Pub

.SE_Startup_Code
                0x08000500       0x10
 *se_startup.o(.text .text*)
 .text          0x08000500        0x0 Middlewares/STM32_Secure_Engine/se_startup.o
 .text.SE_CORE_Startup
                0x08000500       0x10 Middlewares/STM32_Secure_Engine/se_startup.o
                0x08000500                SE_CORE_Startup

.text           0x08000600     0x5100
                0x08000600                . = ALIGN (0x8)
 *(.text)
 .text          0x08000600       0x40 c:/ac6/systemworkbench/plugins/fr.ac6.mcu.externaltools.arm-none.win32_1.17.0.201812190825/tools/compiler/bin/../lib/gcc/arm-none-eabi/7.3.1/thumb/v7e-m/fpv4-sp/softfp/crtbegin.o
 .text          0x08000640       0x24 Middlewares/STM32_Secure_Engine/se_stack_smuggler_GNU.o
                0x08000640                SE_SP_SMUGGLE
 .text          0x08000664       0x30 c:/ac6/systemworkbench/plugins/fr.ac6.mcu.externaltools.arm-none.win32_1.17.0.201812190825/tools/compiler/bin/../lib/gcc/arm-none-eabi/7.3.1/thumb/v7e-m/fpv4-sp/softfp\libgcc.a(_aeabi_uldivmod.o)
                0x08000664                __aeabi_uldivmod
 .text          0x08000694      0x2cc c:/ac6/systemworkbench/plugins/fr.ac6.mcu.externaltools.arm-none.win32_1.17.0.201812190825/tools/compiler/bin/../lib/gcc/arm-none-eabi/7.3.1/thumb/v7e-m/fpv4-sp/softfp\libgcc.a(_udivmoddi4.o)
                0x08000694                __udivmoddi4
 .text          0x08000960        0x4 c:/ac6/systemworkbench/plugins/fr.ac6.mcu.externaltools.arm-none.win32_1.17.0.201812190825/tools/compiler/bin/../lib/gcc/arm-none-eabi/7.3.1/thumb/v7e-m/fpv4-sp/softfp\libgcc.a(_dvmd_tls.o)
                0x08000960                __aeabi_idiv0
                0x08000960                __aeabi_ldiv0
 *(.text*)
 .text.LoopCopyDataInit
                0x08000964       0x44 Application/SW4STM32/data_init.o
                0x08000964                LoopCopyDataInit
 .text.LoopFillZerobss
                0x080009a8       0x38 Application/SW4STM32/data_init.o
                0x080009a8                LoopFillZerobss
 .text.__gcc_data_init
                0x080009e0        0xe Application/SW4STM32/data_init.o
                0x080009e0                __gcc_data_init
 .text.Reset_Handler
                0x080009ee        0x2 Application/SW4STM32/startup_stm32l476xx.o
                0x080009ee                Reset_Handler
 .text.Default_Handler
                0x080009f0        0x4 Application/SW4STM32/startup_stm32l476xx.o
                0x080009f0                RTC_Alarm_IRQHandler
                0x080009f0                EXTI2_IRQHandler
                0x080009f0                TIM8_TRG_COM_IRQHandler
                0x080009f0                TIM8_CC_IRQHandler
                0x080009f0                DebugMon_Handler
                0x080009f0                TIM1_CC_IRQHandler
                0x080009f0                TSC_IRQHandler
                0x080009f0                SysTick_Handler
                0x080009f0                TAMP_STAMP_IRQHandler
                0x080009f0                PendSV_Handler
                0x080009f0                EXTI3_IRQHandler
                0x080009f0                LPTIM2_IRQHandler
                0x080009f0                DFSDM1_FLT1_IRQHandler
                0x080009f0                I2C3_ER_IRQHandler
                0x080009f0                DFSDM1_FLT2_IRQHandler
                0x080009f0                EXTI0_IRQHandler
                0x080009f0                I2C2_EV_IRQHandler
                0x080009f0                CAN1_RX0_IRQHandler
                0x080009f0                FPU_IRQHandler
                0x080009f0                TIM1_UP_TIM16_IRQHandler
                0x080009f0                UsageFault_Handler
                0x080009f0                ADC1_2_IRQHandler
                0x080009f0                SPI1_IRQHandler
                0x080009f0                TIM6_DAC_IRQHandler
                0x080009f0                TIM8_UP_IRQHandler
                0x080009f0                DMA2_Channel2_IRQHandler
                0x080009f0                DMA1_Channel4_IRQHandler
                0x080009f0                SAI2_IRQHandler
                0x080009f0                DFSDM1_FLT3_IRQHandler
                0x080009f0                USART3_IRQHandler
                0x080009f0                DMA1_Channel7_IRQHandler
                0x080009f0                CAN1_RX1_IRQHandler
                0x080009f0                UART5_IRQHandler
                0x080009f0                ADC3_IRQHandler
                0x080009f0                TIM4_IRQHandler
                0x080009f0                DMA2_Channel1_IRQHandler
                0x080009f0                QUADSPI_IRQHandler
                0x080009f0                I2C1_EV_IRQHandler
                0x080009f0                DMA1_Channel6_IRQHandler
                0x080009f0                UART4_IRQHandler
                0x080009f0                DMA2_Channel4_IRQHandler
                0x080009f0                TIM3_IRQHandler
                0x080009f0                RCC_IRQHandler
                0x080009f0                DMA1_Channel1_IRQHandler
                0x080009f0                Default_Handler
                0x080009f0                DMA2_Channel7_IRQHandler
                0x080009f0                EXTI15_10_IRQHandler
                0x080009f0                TIM7_IRQHandler
                0x080009f0                SDMMC1_IRQHandler
                0x080009f0                TIM5_IRQHandler
                0x080009f0                I2C3_EV_IRQHandler
                0x080009f0                EXTI9_5_IRQHandler
                0x080009f0                RTC_WKUP_IRQHandler
                0x080009f0                PVD_PVM_IRQHandler
                0x080009f0                SPI2_IRQHandler
                0x080009f0                CAN1_TX_IRQHandler
                0x080009f0                SVC_Handler
                0x080009f0                DMA2_Channel5_IRQHandler
                0x080009f0                DMA1_Channel5_IRQHandler
                0x080009f0                EXTI4_IRQHandler
                0x080009f0                RNG_IRQHandler
                0x080009f0                TIM1_TRG_COM_TIM17_IRQHandler
                0x080009f0                DMA1_Channel3_IRQHandler
                0x080009f0                COMP_IRQHandler
                0x080009f0                WWDG_IRQHandler
                0x080009f0                LPUART1_IRQHandler
                0x080009f0                DMA2_Channel6_IRQHandler
                0x080009f0                TIM2_IRQHandler
                0x080009f0                EXTI1_IRQHandler
                0x080009f0                USART2_IRQHandler
                0x080009f0                DFSDM1_FLT0_IRQHandler
                0x080009f0                I2C2_ER_IRQHandler
                0x080009f0                DMA1_Channel2_IRQHandler
                0x080009f0                TIM8_BRK_IRQHandler
                0x080009f0                CAN1_SCE_IRQHandler
                0x080009f0                FLASH_IRQHandler
                0x080009f0                USART1_IRQHandler
                0x080009f0                OTG_FS_IRQHandler
                0x080009f0                SPI3_IRQHandler
                0x080009f0                I2C1_ER_IRQHandler
                0x080009f0                FMC_IRQHandler
                0x080009f0                SWPMI1_IRQHandler
                0x080009f0                LPTIM1_IRQHandler
                0x080009f0                SAI1_IRQHandler
                0x080009f0                DMA2_Channel3_IRQHandler
                0x080009f0                TIM1_BRK_TIM15_IRQHandler
 .text._sbrk    0x080009f4       0x38 Application/SW4STM32/syscalls.o
                0x080009f4                _sbrk
 .text.SE_CRYPTO_Decrypt_Init
                0x08000a2c       0x18 Application/User/se_crypto_bootloader.o
                0x08000a2c                SE_CRYPTO_Decrypt_Init
 .text.SE_CRYPTO_Decrypt_Append
                0x08000a44       0x34 Application/User/se_crypto_bootloader.o
                0x08000a44                SE_CRYPTO_Decrypt_Append
 .text.SE_CRYPTO_Decrypt_Finish
                0x08000a78       0x1c Application/User/se_crypto_bootloader.o
                0x08000a78                SE_CRYPTO_Decrypt_Finish
 .text.SE_CRYPTO_AuthenticateFW_Init
                0x08000a94       0x2c Application/User/se_crypto_bootloader.o
                0x08000a94                SE_CRYPTO_AuthenticateFW_Init
 .text.SE_CRYPTO_AuthenticateFW_Append
                0x08000ac0       0x28 Application/User/se_crypto_bootloader.o
                0x08000ac0                SE_CRYPTO_AuthenticateFW_Append
 .text.SE_CRYPTO_AuthenticateFW_Finish
                0x08000ae8       0x34 Application/User/se_crypto_bootloader.o
                0x08000ae8                SE_CRYPTO_AuthenticateFW_Finish
 .text.SE_CRYPTO_Authenticate_Metadata
                0x08000b1c      0x140 Application/User/se_crypto_bootloader.o
                0x08000b1c                SE_CRYPTO_Authenticate_Metadata
 .text.__NVIC_SystemReset
                0x08000c5c       0x24 Application/User/se_low_level.o
 .text.SE_LL_GetPage
                0x08000c80       0x34 Application/User/se_low_level.o
 .text.SE_LL_CRC_Config
                0x08000cb4       0x38 Application/User/se_low_level.o
                0x08000cb4                SE_LL_CRC_Config
 .text.SE_LL_CRC_Init
                0x08000cec       0x20 Application/User/se_low_level.o
                0x08000cec                SE_LL_CRC_Init
 .text.SE_LL_CRC_Calculate
                0x08000d0c       0x10 Application/User/se_low_level.o
                0x08000d0c                SE_LL_CRC_Calculate
 .text.SE_LL_FLASH_Erase
                0x08000d1c       0xb0 Application/User/se_low_level.o
                0x08000d1c                SE_LL_FLASH_Erase
 .text.SE_LL_FLASH_Write
                0x08000dcc       0x5c Application/User/se_low_level.o
                0x08000dcc                SE_LL_FLASH_Write
 .text.SE_LL_FLASH_Read
                0x08000e28       0x48 Application/User/se_low_level.o
                0x08000e28                SE_LL_FLASH_Read
 .text.NMI_Handler
                0x08000e70       0x48 Application/User/se_low_level.o
                0x08000e70                NMI_Handler
 .text.SE_LL_Buffer_in_ram
                0x08000eb8       0x34 Application/User/se_low_level.o
                0x08000eb8                SE_LL_Buffer_in_ram
 .text.SE_LL_Buffer_in_SBSFU_ram
                0x08000eec       0x28 Application/User/se_low_level.o
                0x08000eec                SE_LL_Buffer_in_SBSFU_ram
 .text.SE_LL_Buffer_part_of_SE_ram
                0x08000f14       0x30 Application/User/se_low_level.o
                0x08000f14                SE_LL_Buffer_part_of_SE_ram
 .text.SE_LL_CORE_Cleanup
                0x08000f44        0x2 Application/User/se_low_level.o
                0x08000f44                SE_LL_CORE_Cleanup
 .text.CRC_Handle_8
                0x08000f46       0x6a Drivers/STM32L4xx_HAL_Driver/stm32l4xx_hal_crc.o
 .text.CRC_Handle_16
                0x08000fb0       0x2e Drivers/STM32L4xx_HAL_Driver/stm32l4xx_hal_crc.o
 .text.HAL_CRC_MspInit
                0x08000fde        0x2 Drivers/STM32L4xx_HAL_Driver/stm32l4xx_hal_crc.o
                0x08000fde                HAL_CRC_MspInit
 .text.HAL_CRC_Init
                0x08000fe0       0x74 Drivers/STM32L4xx_HAL_Driver/stm32l4xx_hal_crc.o
                0x08000fe0                HAL_CRC_Init
 .text.HAL_CRC_Calculate
                0x08001054       0x48 Drivers/STM32L4xx_HAL_Driver/stm32l4xx_hal_crc.o
                0x08001054                HAL_CRC_Calculate
 .text.HAL_CRCEx_Polynomial_Set
                0x0800109c       0x44 Drivers/STM32L4xx_HAL_Driver/stm32l4xx_hal_crc_ex.o
                0x0800109c                HAL_CRCEx_Polynomial_Set
 .text.FLASH_Program_Fast
                0x080010e0       0x2c Drivers/STM32L4xx_HAL_Driver/stm32l4xx_hal_flash.o
 .text.HAL_FLASH_Unlock
                0x0800110c       0x24 Drivers/STM32L4xx_HAL_Driver/stm32l4xx_hal_flash.o
                0x0800110c                HAL_FLASH_Unlock
 .text.HAL_FLASH_Lock
                0x08001130       0x14 Drivers/STM32L4xx_HAL_Driver/stm32l4xx_hal_flash.o
                0x08001130                HAL_FLASH_Lock
 .text.FLASH_WaitForLastOperation
                0x08001144       0x78 Drivers/STM32L4xx_HAL_Driver/stm32l4xx_hal_flash.o
                0x08001144                FLASH_WaitForLastOperation
 .text.HAL_FLASH_Program
                0x080011bc       0xa4 Drivers/STM32L4xx_HAL_Driver/stm32l4xx_hal_flash.o
                0x080011bc                HAL_FLASH_Program
 .text.FLASH_MassErase
                0x08001260       0x2c Drivers/STM32L4xx_HAL_Driver/stm32l4xx_hal_flash_ex.o
 .text.FLASH_PageErase
                0x0800128c       0x3c Drivers/STM32L4xx_HAL_Driver/stm32l4xx_hal_flash_ex.o
                0x0800128c                FLASH_PageErase
 .text.FLASH_FlushCaches
                0x080012c8       0x58 Drivers/STM32L4xx_HAL_Driver/stm32l4xx_hal_flash_ex.o
                0x080012c8                FLASH_FlushCaches
 .text.HAL_FLASHEx_Erase
                0x08001320       0xe8 Drivers/STM32L4xx_HAL_Driver/stm32l4xx_hal_flash_ex.o
                0x08001320                HAL_FLASHEx_Erase
 .text.SE_LL_CRC_Check
                0x08001408       0x24 Middlewares/STM32_Secure_Engine/se_bootinfo.o
 .text.SE_INFO_WriteBootInfoArea.part.0
                0x0800142c       0x68 Middlewares/STM32_Secure_Engine/se_bootinfo.o
 .text.SE_INFO_BootInfoAreaInit
                0x08001494       0x78 Middlewares/STM32_Secure_Engine/se_bootinfo.o
                0x08001494                SE_INFO_BootInfoAreaInit
 .text.SE_INFO_BootInfoAreaFactoryReset
                0x0800150c       0x38 Middlewares/STM32_Secure_Engine/se_bootinfo.o
                0x0800150c                SE_INFO_BootInfoAreaFactoryReset
 .text.SE_INFO_ReadBootInfoArea
                0x08001544       0x5c Middlewares/STM32_Secure_Engine/se_bootinfo.o
                0x08001544                SE_INFO_ReadBootInfoArea
 .text.SE_INFO_WriteBootInfoArea
                0x080015a0       0x10 Middlewares/STM32_Secure_Engine/se_bootinfo.o
                0x080015a0                SE_INFO_WriteBootInfoArea
 .text.__NVIC_SystemReset
                0x080015b0       0x24 Middlewares/STM32_Secure_Engine/se_callgate.o
 .text.SE_CallGateService
                0x080015d4      0x578 Middlewares/STM32_Secure_Engine/se_callgate.o
                0x080015d4                SE_CallGateService
 .text.__NVIC_SystemReset
                0x08001b4c       0x24 Middlewares/STM32_Secure_Engine/se_exception.o
 .text.SE_NMI_ExceptionHandler
                0x08001b70        0x6 Middlewares/STM32_Secure_Engine/se_exception.o
                0x08001b70                SE_NMI_ExceptionHandler
 .text.HardFault_Handler
                0x08001b76        0x6 Middlewares/STM32_Secure_Engine/se_exception.o
                0x08001b76                HardFault_Handler
 .text.MemManage_Handler
                0x08001b7c        0x6 Middlewares/STM32_Secure_Engine/se_exception.o
                0x08001b7c                MemManage_Handler
 .text.BusFault_Handler
                0x08001b82        0x6 Middlewares/STM32_Secure_Engine/se_exception.o
                0x08001b82                BusFault_Handler
 .text.SE_IMG_Write
                0x08001b88       0x28 Middlewares/STM32_Secure_Engine/se_fwimg.o
                0x08001b88                SE_IMG_Write
 .text.SE_IMG_Read
                0x08001bb0       0x28 Middlewares/STM32_Secure_Engine/se_fwimg.o
                0x08001bb0                SE_IMG_Read
 .text.SE_IMG_Erase
                0x08001bd8       0x2c Middlewares/STM32_Secure_Engine/se_fwimg.o
                0x08001bd8                SE_IMG_Erase
 .text.SE_APPLI_GetActiveFwInfo
                0x08001c04       0x34 Middlewares/STM32_Secure_Engine/se_user_application.o
                0x08001c04                SE_APPLI_GetActiveFwInfo
 .text.SE_SetSystemCoreClock
                0x08001c38        0xc Middlewares/STM32_Secure_Engine/se_utils.o
                0x08001c38                SE_SetSystemCoreClock
 .text.HAL_GetTick
                0x08001c44       0x44 Middlewares/STM32_Secure_Engine/se_utils.o
                0x08001c44                HAL_GetTick
 .text.mpi_sub_hlp
                0x08001c88       0x54 Middlewares/Third_Party/mbedTLS/bignum.o
 .text.mpi_mul_hlp
                0x08001cdc      0x2e4 Middlewares/Third_Party/mbedTLS/bignum.o
 .text.mbedtls_mpi_init
                0x08001fc0        0xe Middlewares/Third_Party/mbedTLS/bignum.o
                0x08001fc0                mbedtls_mpi_init
 .text.mbedtls_mpi_free
                0x08001fce       0x24 Middlewares/Third_Party/mbedTLS/bignum.o
                0x08001fce                mbedtls_mpi_free
 .text.mbedtls_mpi_grow
                0x08001ff2       0x50 Middlewares/Third_Party/mbedTLS/bignum.o
                0x08001ff2                mbedtls_mpi_grow
 .text.mbedtls_mpi_shrink
                0x08002042       0x6e Middlewares/Third_Party/mbedTLS/bignum.o
                0x08002042                mbedtls_mpi_shrink
 .text.mbedtls_mpi_copy
                0x080020b0       0x58 Middlewares/Third_Party/mbedTLS/bignum.o
                0x080020b0                mbedtls_mpi_copy
 .text.mbedtls_mpi_safe_cond_assign
                0x08002108       0x6a Middlewares/Third_Party/mbedTLS/bignum.o
                0x08002108                mbedtls_mpi_safe_cond_assign
 .text.mbedtls_mpi_lset
                0x08002172       0x38 Middlewares/Third_Party/mbedTLS/bignum.o
                0x08002172                mbedtls_mpi_lset
 .text.mbedtls_mpi_get_bit
                0x080021aa       0x20 Middlewares/Third_Party/mbedTLS/bignum.o
                0x080021aa                mbedtls_mpi_get_bit
 .text.mbedtls_mpi_lsb
                0x080021ca       0x36 Middlewares/Third_Party/mbedTLS/bignum.o
                0x080021ca                mbedtls_mpi_lsb
 .text.mbedtls_mpi_bitlen
                0x08002200       0x40 Middlewares/Third_Party/mbedTLS/bignum.o
                0x08002200                mbedtls_mpi_bitlen
 .text.mbedtls_mpi_size
                0x08002240        0xc Middlewares/Third_Party/mbedTLS/bignum.o
                0x08002240                mbedtls_mpi_size
 .text.mbedtls_mpi_read_binary
                0x0800224c       0x66 Middlewares/Third_Party/mbedTLS/bignum.o
                0x0800224c                mbedtls_mpi_read_binary
 .text.mbedtls_mpi_shift_l
                0x080022b2       0x90 Middlewares/Third_Party/mbedTLS/bignum.o
                0x080022b2                mbedtls_mpi_shift_l
 .text.mbedtls_mpi_shift_r
                0x08002342       0x76 Middlewares/Third_Party/mbedTLS/bignum.o
                0x08002342                mbedtls_mpi_shift_r
 .text.mbedtls_mpi_cmp_abs
                0x080023b8       0x62 Middlewares/Third_Party/mbedTLS/bignum.o
                0x080023b8                mbedtls_mpi_cmp_abs
 .text.mbedtls_mpi_cmp_mpi
                0x0800241a       0x80 Middlewares/Third_Party/mbedTLS/bignum.o
                0x0800241a                mbedtls_mpi_cmp_mpi
 .text.mbedtls_mpi_cmp_int
                0x0800249a       0x2c Middlewares/Third_Party/mbedTLS/bignum.o
                0x0800249a                mbedtls_mpi_cmp_int
 .text.mbedtls_mpi_add_abs
                0x080024c6       0xc6 Middlewares/Third_Party/mbedTLS/bignum.o
                0x080024c6                mbedtls_mpi_add_abs
 .text.mbedtls_mpi_sub_abs
                0x0800258c       0x7c Middlewares/Third_Party/mbedTLS/bignum.o
                0x0800258c                mbedtls_mpi_sub_abs
 .text.mbedtls_mpi_add_mpi
                0x08002608       0x44 Middlewares/Third_Party/mbedTLS/bignum.o
                0x08002608                mbedtls_mpi_add_mpi
 .text.mbedtls_mpi_sub_mpi
                0x0800264c       0x46 Middlewares/Third_Party/mbedTLS/bignum.o
                0x0800264c                mbedtls_mpi_sub_mpi
 .text.mbedtls_mpi_sub_int
                0x08002692       0x2c Middlewares/Third_Party/mbedTLS/bignum.o
                0x08002692                mbedtls_mpi_sub_int
 .text.mbedtls_mpi_mul_mpi
                0x080026be       0xd4 Middlewares/Third_Party/mbedTLS/bignum.o
                0x080026be                mbedtls_mpi_mul_mpi
 .text.mbedtls_mpi_mul_int
                0x08002792       0x1a Middlewares/Third_Party/mbedTLS/bignum.o
                0x08002792                mbedtls_mpi_mul_int
 .text.mbedtls_mpi_div_mpi
                0x080027ac      0x36c Middlewares/Third_Party/mbedTLS/bignum.o
                0x080027ac                mbedtls_mpi_div_mpi
 .text.mbedtls_mpi_mod_mpi
                0x08002b18       0x64 Middlewares/Third_Party/mbedTLS/bignum.o
                0x08002b18                mbedtls_mpi_mod_mpi
 .text.mbedtls_mpi_gcd
                0x08002b7c      0x108 Middlewares/Third_Party/mbedTLS/bignum.o
                0x08002b7c                mbedtls_mpi_gcd
 .text.mbedtls_mpi_fill_random
                0x08002c84       0x42 Middlewares/Third_Party/mbedTLS/bignum.o
                0x08002c84                mbedtls_mpi_fill_random
 .text.mbedtls_mpi_inv_mod
                0x08002cc6      0x2a6 Middlewares/Third_Party/mbedTLS/bignum.o
                0x08002cc6                mbedtls_mpi_inv_mod
 .text.derive_mpi
                0x08002f6c       0x58 Middlewares/Third_Party/mbedTLS/ecdsa.o
 .text.mbedtls_ecdsa_verify
                0x08002fc4      0x13c Middlewares/Third_Party/mbedTLS/ecdsa.o
                0x08002fc4                mbedtls_ecdsa_verify
 .text.ecp_get_type
                0x08003100       0x14 Middlewares/Third_Party/mbedTLS/ecp.o
 .text.ecp_safe_invert_jac
                0x08003114       0x46 Middlewares/Third_Party/mbedTLS/ecp.o
 .text.ecp_select_comb
                0x0800315a       0x64 Middlewares/Third_Party/mbedTLS/ecp.o
 *fill*         0x080031be        0x2 
 .text.ecp_modp
                0x080031c0       0x8c Middlewares/Third_Party/mbedTLS/ecp.o
 .text.ecp_double_jac
                0x0800324c      0x47a Middlewares/Third_Party/mbedTLS/ecp.o
 .text.ecp_normalize_jac
                0x080036c6       0xba Middlewares/Third_Party/mbedTLS/ecp.o
 .text.ecp_normalize_jac_many.part.2
                0x08003780      0x1f8 Middlewares/Third_Party/mbedTLS/ecp.o
 .text.mbedtls_ecp_point_init.part.3
                0x08003978       0x1c Middlewares/Third_Party/mbedTLS/ecp.o
 .text.mbedtls_ecp_point_free.part.5
                0x08003994       0x1c Middlewares/Third_Party/mbedTLS/ecp.o
 .text.mbedtls_ecp_point_init
                0x080039b0        0x8 Middlewares/Third_Party/mbedTLS/ecp.o
                0x080039b0                mbedtls_ecp_point_init
 .text.mbedtls_ecp_group_init
                0x080039b8        0xc Middlewares/Third_Party/mbedTLS/ecp.o
                0x080039b8                mbedtls_ecp_group_init
 .text.mbedtls_ecp_point_free
                0x080039c4        0x8 Middlewares/Third_Party/mbedTLS/ecp.o
                0x080039c4                mbedtls_ecp_point_free
 .text.mbedtls_ecp_group_free
                0x080039cc       0x62 Middlewares/Third_Party/mbedTLS/ecp.o
                0x080039cc                mbedtls_ecp_group_free
 .text.mbedtls_ecp_copy
                0x08003a2e       0x2c Middlewares/Third_Party/mbedTLS/ecp.o
                0x08003a2e                mbedtls_ecp_copy
 .text.mbedtls_ecp_set_zero
                0x08003a5a       0x28 Middlewares/Third_Party/mbedTLS/ecp.o
                0x08003a5a                mbedtls_ecp_set_zero
 *fill*         0x08003a82        0x2 
 .text.ecp_add_mixed
                0x08003a84      0x3f4 Middlewares/Third_Party/mbedTLS/ecp.o
 .text.ecp_mul_comb
                0x08003e78      0x498 Middlewares/Third_Party/mbedTLS/ecp.o
 .text.mbedtls_ecp_is_zero
                0x08004310       0x12 Middlewares/Third_Party/mbedTLS/ecp.o
                0x08004310                mbedtls_ecp_is_zero
 *fill*         0x08004322        0x2 
 .text.mbedtls_ecp_point_read_binary
                0x08004324       0x70 Middlewares/Third_Party/mbedTLS/ecp.o
                0x08004324                mbedtls_ecp_point_read_binary
 .text.mbedtls_ecp_check_pubkey
                0x08004394      0x170 Middlewares/Third_Party/mbedTLS/ecp.o
                0x08004394                mbedtls_ecp_check_pubkey
 .text.mbedtls_ecp_check_privkey
                0x08004504       0x3c Middlewares/Third_Party/mbedTLS/ecp.o
                0x08004504                mbedtls_ecp_check_privkey
 .text.mbedtls_ecp_mul
                0x08004540       0x60 Middlewares/Third_Party/mbedTLS/ecp.o
                0x08004540                mbedtls_ecp_mul
 .text.mbedtls_ecp_mul_shortcuts
                0x080045a0       0x6a Middlewares/Third_Party/mbedTLS/ecp.o
 *fill*         0x0800460a        0x2 
 .text.mbedtls_ecp_muladd
                0x0800460c       0x68 Middlewares/Third_Party/mbedTLS/ecp.o
                0x0800460c                mbedtls_ecp_muladd
 .text.add32    0x08004674       0x18 Middlewares/Third_Party/mbedTLS/ecp_curves.o
 .text.sub32    0x0800468c       0x16 Middlewares/Third_Party/mbedTLS/ecp_curves.o
 .text.ecp_mod_p256
                0x080046a2      0x4c4 Middlewares/Third_Party/mbedTLS/ecp_curves.o
 *fill*         0x08004b66        0x2 
 .text.mbedtls_ecp_group_load
                0x08004b68       0x80 Middlewares/Third_Party/mbedTLS/ecp_curves.o
                0x08004b68                mbedtls_ecp_group_load
 .text.mbedtls_platform_zeroize
                0x08004be8       0x10 Middlewares/Third_Party/mbedTLS/platform_util.o
                0x08004be8                mbedtls_platform_zeroize
 .text.mbedtls_sha256_init
                0x08004bf8        0x8 Middlewares/Third_Party/mbedTLS/sha256.o
                0x08004bf8                mbedtls_sha256_init
 .text.mbedtls_sha256_free
                0x08004c00        0xa Middlewares/Third_Party/mbedTLS/sha256.o
                0x08004c00                mbedtls_sha256_free
 *fill*         0x08004c0a        0x2 
 .text.mbedtls_sha256_starts_ret
                0x08004c0c       0xa4 Middlewares/Third_Party/mbedTLS/sha256.o
                0x08004c0c                mbedtls_sha256_starts_ret
 .text.mbedtls_internal_sha256_process
                0x08004cb0      0x6c8 Middlewares/Third_Party/mbedTLS/sha256.o
                0x08004cb0                mbedtls_internal_sha256_process
 .text.mbedtls_sha256_update_ret.part.0
                0x08005378       0x76 Middlewares/Third_Party/mbedTLS/sha256.o
 .text.mbedtls_sha256_update_ret
                0x080053ee        0xa Middlewares/Third_Party/mbedTLS/sha256.o
                0x080053ee                mbedtls_sha256_update_ret
 .text.mbedtls_sha256_finish_ret
                0x080053f8      0x10c Middlewares/Third_Party/mbedTLS/sha256.o
                0x080053f8                mbedtls_sha256_finish_ret
 .text.calloc   0x08005504       0x10 c:/ac6/systemworkbench/plugins/fr.ac6.mcu.externaltools.arm-none.win32_1.17.0.201812190825/tools/compiler/bin/../lib/gcc/arm-none-eabi/7.3.1/../../../../arm-none-eabi/lib/thumb/v7e-m/fpv4-sp/softfp\libc_nano.a(lib_a-calloc.o)
                0x08005504                calloc
 .text.__errno  0x08005514        0xc c:/ac6/systemworkbench/plugins/fr.ac6.mcu.externaltools.arm-none.win32_1.17.0.201812190825/tools/compiler/bin/../lib/gcc/arm-none-eabi/7.3.1/../../../../arm-none-eabi/lib/thumb/v7e-m/fpv4-sp/softfp\libc_nano.a(lib_a-errno.o)
                0x08005514                __errno
 .text.free     0x08005520       0x10 c:/ac6/systemworkbench/plugins/fr.ac6.mcu.externaltools.arm-none.win32_1.17.0.201812190825/tools/compiler/bin/../lib/gcc/arm-none-eabi/7.3.1/../../../../arm-none-eabi/lib/thumb/v7e-m/fpv4-sp/softfp\libc_nano.a(lib_a-malloc.o)
                0x08005520                free
 .text.memcpy   0x08005530       0x16 c:/ac6/systemworkbench/plugins/fr.ac6.mcu.externaltools.arm-none.win32_1.17.0.201812190825/tools/compiler/bin/../lib/gcc/arm-none-eabi/7.3.1/../../../../arm-none-eabi/lib/thumb/v7e-m/fpv4-sp/softfp\libc_nano.a(lib_a-memcpy-stub.o)
                0x08005530                memcpy
 .text.memset   0x08005546       0x10 c:/ac6/systemworkbench/plugins/fr.ac6.mcu.externaltools.arm-none.win32_1.17.0.201812190825/tools/compiler/bin/../lib/gcc/arm-none-eabi/7.3.1/../../../../arm-none-eabi/lib/thumb/v7e-m/fpv4-sp/softfp\libc_nano.a(lib_a-memset.o)
                0x08005546                memset
 .text._calloc_r
                0x08005556       0x1c c:/ac6/systemworkbench/plugins/fr.ac6.mcu.externaltools.arm-none.win32_1.17.0.201812190825/tools/compiler/bin/../lib/gcc/arm-none-eabi/7.3.1/../../../../arm-none-eabi/lib/thumb/v7e-m/fpv4-sp/softfp\libc_nano.a(lib_a-nano-callocr.o)
                0x08005556                _calloc_r
 *fill*         0x08005572        0x2 
 .text._free_r  0x08005574       0x9c c:/ac6/systemworkbench/plugins/fr.ac6.mcu.externaltools.arm-none.win32_1.17.0.201812190825/tools/compiler/bin/../lib/gcc/arm-none-eabi/7.3.1/../../../../arm-none-eabi/lib/thumb/v7e-m/fpv4-sp/softfp\libc_nano.a(lib_a-nano-freer.o)
                0x08005574                _free_r
 .text._malloc_r
                0x08005610       0xb4 c:/ac6/systemworkbench/plugins/fr.ac6.mcu.externaltools.arm-none.win32_1.17.0.201812190825/tools/compiler/bin/../lib/gcc/arm-none-eabi/7.3.1/../../../../arm-none-eabi/lib/thumb/v7e-m/fpv4-sp/softfp\libc_nano.a(lib_a-nano-mallocr.o)
                0x08005610                _malloc_r
 .text._sbrk_r  0x080056c4       0x20 c:/ac6/systemworkbench/plugins/fr.ac6.mcu.externaltools.arm-none.win32_1.17.0.201812190825/tools/compiler/bin/../lib/gcc/arm-none-eabi/7.3.1/../../../../arm-none-eabi/lib/thumb/v7e-m/fpv4-sp/softfp\libc_nano.a(lib_a-sbrkr.o)
                0x080056c4                _sbrk_r
 .text.__malloc_lock
                0x080056e4        0x2 c:/ac6/systemworkbench/plugins/fr.ac6.mcu.externaltools.arm-none.win32_1.17.0.201812190825/tools/compiler/bin/../lib/gcc/arm-none-eabi/7.3.1/../../../../arm-none-eabi/lib/thumb/v7e-m/fpv4-sp/softfp\libc_nano.a(lib_a-mlock.o)
                0x080056e4                __malloc_lock
 .text.__malloc_unlock
                0x080056e6        0x2 c:/ac6/systemworkbench/plugins/fr.ac6.mcu.externaltools.arm-none.win32_1.17.0.201812190825/tools/compiler/bin/../lib/gcc/arm-none-eabi/7.3.1/../../../../arm-none-eabi/lib/thumb/v7e-m/fpv4-sp/softfp\libc_nano.a(lib_a-mlock.o)
                0x080056e6                __malloc_unlock
 *(.glue_7)
 .glue_7        0x080056e8        0x0 linker stubs
 *(.glue_7t)
 .glue_7t       0x080056e8        0x0 linker stubs
 *(.eh_frame)
 .eh_frame      0x080056e8        0x0 c:/ac6/systemworkbench/plugins/fr.ac6.mcu.externaltools.arm-none.win32_1.17.0.201812190825/tools/compiler/bin/../lib/gcc/arm-none-eabi/7.3.1/thumb/v7e-m/fpv4-sp/softfp/crtbegin.o
 *(.init)
 .init          0x080056e8        0x4 c:/ac6/systemworkbench/plugins/fr.ac6.mcu.externaltools.arm-none.win32_1.17.0.201812190825/tools/compiler/bin/../lib/gcc/arm-none-eabi/7.3.1/thumb/v7e-m/fpv4-sp/softfp/crti.o
                0x080056e8                _init
 .init          0x080056ec        0x8 c:/ac6/systemworkbench/plugins/fr.ac6.mcu.externaltools.arm-none.win32_1.17.0.201812190825/tools/compiler/bin/../lib/gcc/arm-none-eabi/7.3.1/thumb/v7e-m/fpv4-sp/softfp/crtn.o
 *(.fini)
 .fini          0x080056f4        0x4 c:/ac6/systemworkbench/plugins/fr.ac6.mcu.externaltools.arm-none.win32_1.17.0.201812190825/tools/compiler/bin/../lib/gcc/arm-none-eabi/7.3.1/thumb/v7e-m/fpv4-sp/softfp/crti.o
                0x080056f4                _fini
 .fini          0x080056f8        0x8 c:/ac6/systemworkbench/plugins/fr.ac6.mcu.externaltools.arm-none.win32_1.17.0.201812190825/tools/compiler/bin/../lib/gcc/arm-none-eabi/7.3.1/thumb/v7e-m/fpv4-sp/softfp/crtn.o
                0x08005700                . = ALIGN (0x8)
                0x08005700                _etext = .

.vfp11_veneer   0x08005700        0x0
 .vfp11_veneer  0x08005700        0x0 linker stubs

.v4_bx          0x08005700        0x0
 .v4_bx         0x08005700        0x0 linker stubs

.iplt           0x08005700        0x0
 .iplt          0x08005700        0x0 c:/ac6/systemworkbench/plugins/fr.ac6.mcu.externaltools.arm-none.win32_1.17.0.201812190825/tools/compiler/bin/../lib/gcc/arm-none-eabi/7.3.1/thumb/v7e-m/fpv4-sp/softfp/crtbegin.o

.isr_vector     0x08005700      0x288
                0x08005800                . = ALIGN (0x200)
 *fill*         0x08005700      0x100 
 *(.isr_vector)
 .isr_vector    0x08005800      0x188 Application/SW4STM32/startup_stm32l476xx.o
                0x08005800                g_pfnVectors
                0x08005988                . = ALIGN (0x8)

.rodata         0x08005988      0x1e0
                0x08005988                . = ALIGN (0x8)
 *(.rodata)
 .rodata        0x08005988       0xa0 Middlewares/Third_Party/mbedTLS/ecp_curves.o
 .rodata        0x08005a28      0x140 Middlewares/Third_Party/mbedTLS/sha256.o
 *(.rodata*)
                0x08005b68                . = ALIGN (0x8)

.ARM.extab      0x08005b68        0x0
                0x08005b68                . = ALIGN (0x8)
 *(.ARM.extab* .gnu.linkonce.armextab.*)
                0x08005b68                . = ALIGN (0x8)

.ARM            0x08005b68        0x8
                0x08005b68                . = ALIGN (0x8)
                0x08005b68                __exidx_start = .
 *(.ARM.exidx*)
 .ARM.exidx     0x08005b68        0x8 c:/ac6/systemworkbench/plugins/fr.ac6.mcu.externaltools.arm-none.win32_1.17.0.201812190825/tools/compiler/bin/../lib/gcc/arm-none-eabi/7.3.1/thumb/v7e-m/fpv4-sp/softfp\libgcc.a(_udivmoddi4.o)
                0x08005b70                __exidx_end = .
                0x08005b70                . = ALIGN (0x8)

.rel.dyn        0x08005b70        0x0
 .rel.iplt      0x08005b70        0x0 c:/ac6/systemworkbench/plugins/fr.ac6.mcu.externaltools.arm-none.win32_1.17.0.201812190825/tools/compiler/bin/../lib/gcc/arm-none-eabi/7.3.1/thumb/v7e-m/fpv4-sp/softfp/crtbegin.o

.preinit_array  0x08005b70        0x0
                0x08005b70                . = ALIGN (0x8)
                0x08005b70                PROVIDE (__preinit_array_start = .)
 *(.preinit_array*)
                0x08005b70                PROVIDE (__preinit_array_end = .)
                0x08005b70                . = ALIGN (0x8)

.init_array     0x08005b70        0x8
                0x08005b70                . = ALIGN (0x8)
                0x08005b70                PROVIDE (__init_array_start = .)
 *(SORT_BY_NAME(.init_array.*))
 *(.init_array*)
 .init_array    0x08005b70        0x4 c:/ac6/systemworkbench/plugins/fr.ac6.mcu.externaltools.arm-none.win32_1.17.0.201812190825/tools/compiler/bin/../lib/gcc/arm-none-eabi/7.3.1/thumb/v7e-m/fpv4-sp/softfp/crtbegin.o
                0x08005b74                PROVIDE (__init_array_end = .)
                0x08005b78                . = ALIGN (0x8)
 *fill*         0x08005b74        0x4 

.fini_array     0x08005b78        0x8
                0x08005b78                . = ALIGN (0x8)
                [!provide]                PROVIDE (__fini_array_start = .)
 *(SORT_BY_NAME(.fini_array.*))
 *(.fini_array*)
 .fini_array    0x08005b78        0x4 c:/ac6/systemworkbench/plugins/fr.ac6.mcu.externaltools.arm-none.win32_1.17.0.201812190825/tools/compiler/bin/../lib/gcc/arm-none-eabi/7.3.1/thumb/v7e-m/fpv4-sp/softfp/crtbegin.o
                [!provide]                PROVIDE (__fini_array_end = .)
                0x08005b80                . = ALIGN (0x8)
 *fill*         0x08005b7c        0x4 
                0x08005b80                _sidata = LOADADDR (.data)

.data           0x20001000       0x90 load address 0x08005b80
                0x20001000                . = ALIGN (0x8)
                0x20001000                _sdata = .
 *(.data)
 .data          0x20001000       0x20 Drivers/STM32L4xx_HAL_Driver/stm32l4xx_hal_flash.o
                0x20001000                pFlash
 .data          0x20001020        0x4 Middlewares/STM32_Secure_Engine/se_callgate.o
 .data          0x20001024        0x4 Middlewares/Third_Party/mbedTLS/ecp_curves.o
 .data          0x20001028        0x4 Middlewares/Third_Party/mbedTLS/platform_util.o
 *(.data*)
 .data._impure_ptr
                0x2000102c        0x4 c:/ac6/systemworkbench/plugins/fr.ac6.mcu.externaltools.arm-none.win32_1.17.0.201812190825/tools/compiler/bin/../lib/gcc/arm-none-eabi/7.3.1/../../../../arm-none-eabi/lib/thumb/v7e-m/fpv4-sp/softfp\libc_nano.a(lib_a-impure.o)
                0x2000102c                _impure_ptr
 .data.impure_data
                0x20001030       0x60 c:/ac6/systemworkbench/plugins/fr.ac6.mcu.externaltools.arm-none.win32_1.17.0.201812190825/tools/compiler/bin/../lib/gcc/arm-none-eabi/7.3.1/../../../../arm-none-eabi/lib/thumb/v7e-m/fpv4-sp/softfp\libc_nano.a(lib_a-impure.o)
                0x20001090                . = ALIGN (0x8)
                0x20001090                _edata = .

.igot.plt       0x20001090        0x0 load address 0x08005c10
 .igot.plt      0x20001090        0x0 c:/ac6/systemworkbench/plugins/fr.ac6.mcu.externaltools.arm-none.win32_1.17.0.201812190825/tools/compiler/bin/../lib/gcc/arm-none-eabi/7.3.1/thumb/v7e-m/fpv4-sp/softfp/crtbegin.o
                0x20001090                . = ALIGN (0x4)

.bss            0x20001090      0x11c load address 0x08005c10
                0x20001090                _sbss = .
                0x20001090                __bss_start__ = _sbss
 *(.bss)
 .bss           0x20001090       0x1c c:/ac6/systemworkbench/plugins/fr.ac6.mcu.externaltools.arm-none.win32_1.17.0.201812190825/tools/compiler/bin/../lib/gcc/arm-none-eabi/7.3.1/thumb/v7e-m/fpv4-sp/softfp/crtbegin.o
 .bss           0x200010ac        0x8 Application/SW4STM32/syscalls.o
                0x200010b0                __env
 .bss           0x200010b4       0xac Application/User/se_crypto_bootloader.o
 .bss           0x20001160       0x2c Application/User/se_low_level.o
 .bss           0x2000118c        0x1 Middlewares/STM32_Secure_Engine/se_bootinfo.o
 *fill*         0x2000118d        0x3 
 .bss           0x20001190       0x10 Middlewares/STM32_Secure_Engine/se_utils.o
 *(.bss*)
 .bss.__malloc_free_list
                0x200011a0        0x4 c:/ac6/systemworkbench/plugins/fr.ac6.mcu.externaltools.arm-none.win32_1.17.0.201812190825/tools/compiler/bin/../lib/gcc/arm-none-eabi/7.3.1/../../../../arm-none-eabi/lib/thumb/v7e-m/fpv4-sp/softfp\libc_nano.a(lib_a-nano-mallocr.o)
                0x200011a0                __malloc_free_list
 .bss.__malloc_sbrk_start
                0x200011a4        0x4 c:/ac6/systemworkbench/plugins/fr.ac6.mcu.externaltools.arm-none.win32_1.17.0.201812190825/tools/compiler/bin/../lib/gcc/arm-none-eabi/7.3.1/../../../../arm-none-eabi/lib/thumb/v7e-m/fpv4-sp/softfp\libc_nano.a(lib_a-nano-mallocr.o)
                0x200011a4                __malloc_sbrk_start
 *(COMMON)
 COMMON         0x200011a8        0x4 c:/ac6/systemworkbench/plugins/fr.ac6.mcu.externaltools.arm-none.win32_1.17.0.201812190825/tools/compiler/bin/../lib/gcc/arm-none-eabi/7.3.1/../../../../arm-none-eabi/lib/thumb/v7e-m/fpv4-sp/softfp\libc_nano.a(lib_a-reent.o)
                0x200011a8                errno
                0x200011ac                . = ALIGN (0x4)
                0x200011ac                _ebss = .
                0x200011ac                __bss_end__ = _ebss

BOOTINFO_DATA   0x200011ac       0x24 load address 0x08005c10
                0x200011b0                . = ALIGN (0x8)
 *fill*         0x200011ac        0x4 
                0x200011b0                _sBOOTINFO_DATA = .
 *(BOOTINFO_DATA)
 BOOTINFO_DATA  0x200011b0       0x20 Middlewares/STM32_Secure_Engine/se_bootinfo.o
 *(BOOTINFO_DATA*)
                0x200011d0                . = ALIGN (0x8)
                0x200011d0                _eBOOTINFO_DATA = .

._user_heap_stack
                0x200011d0     0x1000 load address 0x08005c34
                0x200011d0                . = ALIGN (0x8)
                [!provide]                PROVIDE (end = .)
                [!provide]                PROVIDE (_end = .)
                0x200011d0                PROVIDE (_user_heap_base = .)
                0x200021d0                . = (. + _Min_Heap_Size)
 *fill*         0x200011d0     0x1000 
                0x200021d0                PROVIDE (_user_heap_end = .)
                0x200021d0                . = (. + _Min_Stack_Size)
                0x200021d0                . = ALIGN (0x8)

/DISCARD/
 libc.a(*)
 libm.a(*)
 libgcc.a(*)

.ARM.attributes
                0x00000000       0x2e
 *(.ARM.attributes)
 .ARM.attributes
                0x00000000       0x22 c:/ac6/systemworkbench/plugins/fr.ac6.mcu.externaltools.arm-none.win32_1.17.0.201812190825/tools/compiler/bin/../lib/gcc/arm-none-eabi/7.3.1/thumb/v7e-m/fpv4-sp/softfp/crti.o
 .ARM.attributes
                0x00000022       0x32 c:/ac6/systemworkbench/plugins/fr.ac6.mcu.externaltools.arm-none.win32_1.17.0.201812190825/tools/compiler/bin/../lib/gcc/arm-none-eabi/7.3.1/thumb/v7e-m/fpv4-sp/softfp/crtbegin.o
 .ARM.attributes
                0x00000054       0x37 Application/SW4STM32/data_init.o
 .ARM.attributes
                0x0000008b       0x25 Application/SW4STM32/se_key.o
 .ARM.attributes
                0x000000b0       0x21 Application/SW4STM32/startup_stm32l476xx.o
 .ARM.attributes
                0x000000d1       0x37 Application/SW4STM32/syscalls.o
 .ARM.attributes
                0x00000108       0x37 Application/User/se_crypto_bootloader.o
 .ARM.attributes
                0x0000013f       0x37 Application/User/se_low_level.o
 .ARM.attributes
                0x00000176       0x37 Drivers/STM32L4xx_HAL_Driver/stm32l4xx_hal_crc.o
 .ARM.attributes
                0x000001ad       0x37 Drivers/STM32L4xx_HAL_Driver/stm32l4xx_hal_crc_ex.o
 .ARM.attributes
                0x000001e4       0x37 Drivers/STM32L4xx_HAL_Driver/stm32l4xx_hal_flash.o
 .ARM.attributes
                0x0000021b       0x37 Drivers/STM32L4xx_HAL_Driver/stm32l4xx_hal_flash_ex.o
 .ARM.attributes
                0x00000252       0x37 Middlewares/STM32_Secure_Engine/se_bootinfo.o
 .ARM.attributes
                0x00000289       0x37 Middlewares/STM32_Secure_Engine/se_callgate.o
 .ARM.attributes
                0x000002c0       0x37 Middlewares/STM32_Secure_Engine/se_exception.o
 .ARM.attributes
                0x000002f7       0x37 Middlewares/STM32_Secure_Engine/se_fwimg.o
 .ARM.attributes
                0x0000032e       0x25 Middlewares/STM32_Secure_Engine/se_stack_smuggler_GNU.o
 .ARM.attributes
                0x00000353       0x37 Middlewares/STM32_Secure_Engine/se_startup.o
 .ARM.attributes
                0x0000038a       0x37 Middlewares/STM32_Secure_Engine/se_user_application.o
 .ARM.attributes
                0x000003c1       0x37 Middlewares/STM32_Secure_Engine/se_utils.o
 .ARM.attributes
                0x000003f8       0x37 Middlewares/Third_Party/mbedTLS/bignum.o
 .ARM.attributes
                0x0000042f       0x37 Middlewares/Third_Party/mbedTLS/ecdsa.o
 .ARM.attributes
                0x00000466       0x37 Middlewares/Third_Party/mbedTLS/ecp.o
 .ARM.attributes
                0x0000049d       0x37 Middlewares/Third_Party/mbedTLS/ecp_curves.o
 .ARM.attributes
                0x000004d4       0x37 Middlewares/Third_Party/mbedTLS/platform_util.o
 .ARM.attributes
                0x0000050b       0x37 Middlewares/Third_Party/mbedTLS/sha256.o
 .ARM.attributes
                0x00000542       0x22 c:/ac6/systemworkbench/plugins/fr.ac6.mcu.externaltools.arm-none.win32_1.17.0.201812190825/tools/compiler/bin/../lib/gcc/arm-none-eabi/7.3.1/thumb/v7e-m/fpv4-sp/softfp\libgcc.a(_aeabi_uldivmod.o)
 .ARM.attributes
                0x00000564       0x32 c:/ac6/systemworkbench/plugins/fr.ac6.mcu.externaltools.arm-none.win32_1.17.0.201812190825/tools/compiler/bin/../lib/gcc/arm-none-eabi/7.3.1/thumb/v7e-m/fpv4-sp/softfp\libgcc.a(_udivmoddi4.o)
 .ARM.attributes
                0x00000596       0x22 c:/ac6/systemworkbench/plugins/fr.ac6.mcu.externaltools.arm-none.win32_1.17.0.201812190825/tools/compiler/bin/../lib/gcc/arm-none-eabi/7.3.1/thumb/v7e-m/fpv4-sp/softfp\libgcc.a(_dvmd_tls.o)
 .ARM.attributes
                0x000005b8       0x32 c:/ac6/systemworkbench/plugins/fr.ac6.mcu.externaltools.arm-none.win32_1.17.0.201812190825/tools/compiler/bin/../lib/gcc/arm-none-eabi/7.3.1/../../../../arm-none-eabi/lib/thumb/v7e-m/fpv4-sp/softfp\libc_nano.a(lib_a-calloc.o)
 .ARM.attributes
                0x000005ea       0x32 c:/ac6/systemworkbench/plugins/fr.ac6.mcu.externaltools.arm-none.win32_1.17.0.201812190825/tools/compiler/bin/../lib/gcc/arm-none-eabi/7.3.1/../../../../arm-none-eabi/lib/thumb/v7e-m/fpv4-sp/softfp\libc_nano.a(lib_a-errno.o)
 .ARM.attributes
                0x0000061c       0x32 c:/ac6/systemworkbench/plugins/fr.ac6.mcu.externaltools.arm-none.win32_1.17.0.201812190825/tools/compiler/bin/../lib/gcc/arm-none-eabi/7.3.1/../../../../arm-none-eabi/lib/thumb/v7e-m/fpv4-sp/softfp\libc_nano.a(lib_a-impure.o)
 .ARM.attributes
                0x0000064e       0x32 c:/ac6/systemworkbench/plugins/fr.ac6.mcu.externaltools.arm-none.win32_1.17.0.201812190825/tools/compiler/bin/../lib/gcc/arm-none-eabi/7.3.1/../../../../arm-none-eabi/lib/thumb/v7e-m/fpv4-sp/softfp\libc_nano.a(lib_a-malloc.o)
 .ARM.attributes
                0x00000680       0x32 c:/ac6/systemworkbench/plugins/fr.ac6.mcu.externaltools.arm-none.win32_1.17.0.201812190825/tools/compiler/bin/../lib/gcc/arm-none-eabi/7.3.1/../../../../arm-none-eabi/lib/thumb/v7e-m/fpv4-sp/softfp\libc_nano.a(lib_a-memcpy-stub.o)
 .ARM.attributes
                0x000006b2       0x32 c:/ac6/systemworkbench/plugins/fr.ac6.mcu.externaltools.arm-none.win32_1.17.0.201812190825/tools/compiler/bin/../lib/gcc/arm-none-eabi/7.3.1/../../../../arm-none-eabi/lib/thumb/v7e-m/fpv4-sp/softfp\libc_nano.a(lib_a-memset.o)
 .ARM.attributes
                0x000006e4       0x32 c:/ac6/systemworkbench/plugins/fr.ac6.mcu.externaltools.arm-none.win32_1.17.0.201812190825/tools/compiler/bin/../lib/gcc/arm-none-eabi/7.3.1/../../../../arm-none-eabi/lib/thumb/v7e-m/fpv4-sp/softfp\libc_nano.a(lib_a-nano-callocr.o)
 .ARM.attributes
                0x00000716       0x32 c:/ac6/systemworkbench/plugins/fr.ac6.mcu.externaltools.arm-none.win32_1.17.0.201812190825/tools/compiler/bin/../lib/gcc/arm-none-eabi/7.3.1/../../../../arm-none-eabi/lib/thumb/v7e-m/fpv4-sp/softfp\libc_nano.a(lib_a-nano-freer.o)
 .ARM.attributes
                0x00000748       0x32 c:/ac6/systemworkbench/plugins/fr.ac6.mcu.externaltools.arm-none.win32_1.17.0.201812190825/tools/compiler/bin/../lib/gcc/arm-none-eabi/7.3.1/../../../../arm-none-eabi/lib/thumb/v7e-m/fpv4-sp/softfp\libc_nano.a(lib_a-nano-mallocr.o)
 .ARM.attributes
                0x0000077a       0x32 c:/ac6/systemworkbench/plugins/fr.ac6.mcu.externaltools.arm-none.win32_1.17.0.201812190825/tools/compiler/bin/../lib/gcc/arm-none-eabi/7.3.1/../../../../arm-none-eabi/lib/thumb/v7e-m/fpv4-sp/softfp\libc_nano.a(lib_a-sbrkr.o)
 .ARM.attributes
                0x000007ac       0x32 c:/ac6/systemworkbench/plugins/fr.ac6.mcu.externaltools.arm-none.win32_1.17.0.201812190825/tools/compiler/bin/../lib/gcc/arm-none-eabi/7.3.1/../../../../arm-none-eabi/lib/thumb/v7e-m/fpv4-sp/softfp\libc_nano.a(lib_a-mlock.o)
 .ARM.attributes
                0x000007de       0x32 c:/ac6/systemworkbench/plugins/fr.ac6.mcu.externaltools.arm-none.win32_1.17.0.201812190825/tools/compiler/bin/../lib/gcc/arm-none-eabi/7.3.1/../../../../arm-none-eabi/lib/thumb/v7e-m/fpv4-sp/softfp\libc_nano.a(lib_a-reent.o)
 .ARM.attributes
                0x00000810       0x22 c:/ac6/systemworkbench/plugins/fr.ac6.mcu.externaltools.arm-none.win32_1.17.0.201812190825/tools/compiler/bin/../lib/gcc/arm-none-eabi/7.3.1/thumb/v7e-m/fpv4-sp/softfp/crtn.o
OUTPUT(SECoreBin.elf elf32-littlearm)

.debug_info     0x00000000    0x19b6f
 .debug_info    0x00000000      0x18d Application/SW4STM32/data_init.o
 .debug_info    0x0000018d       0x26 Application/SW4STM32/se_key.o
 .debug_info    0x000001b3       0x22 Application/SW4STM32/startup_stm32l476xx.o
 .debug_info    0x000001d5     0x100a Application/SW4STM32/syscalls.o
 .debug_info    0x000011df     0x183c Application/User/se_crypto_bootloader.o
 .debug_info    0x00002a1b     0x195c Application/User/se_low_level.o
 .debug_info    0x00004377      0x76c Drivers/STM32L4xx_HAL_Driver/stm32l4xx_hal_crc.o
 .debug_info    0x00004ae3      0x513 Drivers/STM32L4xx_HAL_Driver/stm32l4xx_hal_crc_ex.o
 .debug_info    0x00004ff6      0x8dd Drivers/STM32L4xx_HAL_Driver/stm32l4xx_hal_flash.o
 .debug_info    0x000058d3      0xb74 Drivers/STM32L4xx_HAL_Driver/stm32l4xx_hal_flash_ex.o
 .debug_info    0x00006447      0xf33 Middlewares/STM32_Secure_Engine/se_bootinfo.o
 .debug_info    0x0000737a     0x1b4e Middlewares/STM32_Secure_Engine/se_callgate.o
 .debug_info    0x00008ec8      0x58b Middlewares/STM32_Secure_Engine/se_exception.o
 .debug_info    0x00009453      0xd89 Middlewares/STM32_Secure_Engine/se_fwimg.o
 .debug_info    0x0000a1dc       0x26 Middlewares/STM32_Secure_Engine/se_stack_smuggler_GNU.o
 .debug_info    0x0000a202       0xe1 Middlewares/STM32_Secure_Engine/se_startup.o
 .debug_info    0x0000a2e3      0xd50 Middlewares/STM32_Secure_Engine/se_user_application.o
 .debug_info    0x0000b033      0x49b Middlewares/STM32_Secure_Engine/se_utils.o
 .debug_info    0x0000b4ce     0x45f0 Middlewares/Third_Party/mbedTLS/bignum.o
 .debug_info    0x0000fabe     0x1fba Middlewares/Third_Party/mbedTLS/ecdsa.o
 .debug_info    0x00011a78     0x4ee2 Middlewares/Third_Party/mbedTLS/ecp.o
 .debug_info    0x0001695a     0x1831 Middlewares/Third_Party/mbedTLS/ecp_curves.o
 .debug_info    0x0001818b      0x927 Middlewares/Third_Party/mbedTLS/platform_util.o
 .debug_info    0x00018ab2     0x10bd Middlewares/Third_Party/mbedTLS/sha256.o

.debug_abbrev   0x00000000     0x3a18
 .debug_abbrev  0x00000000       0xcb Application/SW4STM32/data_init.o
 .debug_abbrev  0x000000cb       0x14 Application/SW4STM32/se_key.o
 .debug_abbrev  0x000000df       0x12 Application/SW4STM32/startup_stm32l476xx.o
 .debug_abbrev  0x000000f1      0x303 Application/SW4STM32/syscalls.o
 .debug_abbrev  0x000003f4      0x396 Application/User/se_crypto_bootloader.o
 .debug_abbrev  0x0000078a      0x415 Application/User/se_low_level.o
 .debug_abbrev  0x00000b9f      0x229 Drivers/STM32L4xx_HAL_Driver/stm32l4xx_hal_crc.o
 .debug_abbrev  0x00000dc8      0x165 Drivers/STM32L4xx_HAL_Driver/stm32l4xx_hal_crc_ex.o
 .debug_abbrev  0x00000f2d      0x36a Drivers/STM32L4xx_HAL_Driver/stm32l4xx_hal_flash.o
 .debug_abbrev  0x00001297      0x275 Drivers/STM32L4xx_HAL_Driver/stm32l4xx_hal_flash_ex.o
 .debug_abbrev  0x0000150c      0x346 Middlewares/STM32_Secure_Engine/se_bootinfo.o
 .debug_abbrev  0x00001852      0x324 Middlewares/STM32_Secure_Engine/se_callgate.o
 .debug_abbrev  0x00001b76      0x15e Middlewares/STM32_Secure_Engine/se_exception.o
 .debug_abbrev  0x00001cd4      0x235 Middlewares/STM32_Secure_Engine/se_fwimg.o
 .debug_abbrev  0x00001f09       0x14 Middlewares/STM32_Secure_Engine/se_stack_smuggler_GNU.o
 .debug_abbrev  0x00001f1d       0xb2 Middlewares/STM32_Secure_Engine/se_startup.o
 .debug_abbrev  0x00001fcf      0x22d Middlewares/STM32_Secure_Engine/se_user_application.o
 .debug_abbrev  0x000021fc      0x18e Middlewares/STM32_Secure_Engine/se_utils.o
 .debug_abbrev  0x0000238a      0x512 Middlewares/Third_Party/mbedTLS/bignum.o
 .debug_abbrev  0x0000289c      0x3e8 Middlewares/Third_Party/mbedTLS/ecdsa.o
 .debug_abbrev  0x00002c84      0x4cc Middlewares/Third_Party/mbedTLS/ecp.o
 .debug_abbrev  0x00003150      0x360 Middlewares/Third_Party/mbedTLS/ecp_curves.o
 .debug_abbrev  0x000034b0      0x1d6 Middlewares/Third_Party/mbedTLS/platform_util.o
 .debug_abbrev  0x00003686      0x392 Middlewares/Third_Party/mbedTLS/sha256.o

.debug_aranges  0x00000000      0x930
 .debug_aranges
                0x00000000       0x30 Application/SW4STM32/data_init.o
 .debug_aranges
                0x00000030       0x20 Application/SW4STM32/se_key.o
 .debug_aranges
                0x00000050       0x28 Application/SW4STM32/startup_stm32l476xx.o
 .debug_aranges
                0x00000078       0xb0 Application/SW4STM32/syscalls.o
 .debug_aranges
                0x00000128       0x68 Application/User/se_crypto_bootloader.o
 .debug_aranges
                0x00000190       0x88 Application/User/se_low_level.o
 .debug_aranges
                0x00000218       0x58 Drivers/STM32L4xx_HAL_Driver/stm32l4xx_hal_crc.o
 .debug_aranges
                0x00000270       0x30 Drivers/STM32L4xx_HAL_Driver/stm32l4xx_hal_crc_ex.o
 .debug_aranges
                0x000002a0       0x78 Drivers/STM32L4xx_HAL_Driver/stm32l4xx_hal_flash.o
 .debug_aranges
                0x00000318       0x50 Drivers/STM32L4xx_HAL_Driver/stm32l4xx_hal_flash_ex.o
 .debug_aranges
                0x00000368       0x50 Middlewares/STM32_Secure_Engine/se_bootinfo.o
 .debug_aranges
                0x000003b8       0x30 Middlewares/STM32_Secure_Engine/se_callgate.o
 .debug_aranges
                0x000003e8       0x28 Middlewares/STM32_Secure_Engine/se_exception.o
 .debug_aranges
                0x00000410       0x30 Middlewares/STM32_Secure_Engine/se_fwimg.o
 .debug_aranges
                0x00000440       0x20 Middlewares/STM32_Secure_Engine/se_stack_smuggler_GNU.o
 .debug_aranges
                0x00000460       0x20 Middlewares/STM32_Secure_Engine/se_startup.o
 .debug_aranges
                0x00000480       0x20 Middlewares/STM32_Secure_Engine/se_user_application.o
 .debug_aranges
                0x000004a0       0x30 Middlewares/STM32_Secure_Engine/se_utils.o
 .debug_aranges
                0x000004d0      0x1a0 Middlewares/Third_Party/mbedTLS/bignum.o
 .debug_aranges
                0x00000670       0x70 Middlewares/Third_Party/mbedTLS/ecdsa.o
 .debug_aranges
                0x000006e0      0x170 Middlewares/Third_Party/mbedTLS/ecp.o
 .debug_aranges
                0x00000850       0x38 Middlewares/Third_Party/mbedTLS/ecp_curves.o
 .debug_aranges
                0x00000888       0x20 Middlewares/Third_Party/mbedTLS/platform_util.o
 .debug_aranges
                0x000008a8       0x88 Middlewares/Third_Party/mbedTLS/sha256.o

.debug_ranges   0x00000000      0xd60
 .debug_ranges  0x00000000       0x58 Application/SW4STM32/data_init.o
 .debug_ranges  0x00000058       0x20 Application/SW4STM32/startup_stm32l476xx.o
 .debug_ranges  0x00000078       0xa0 Application/SW4STM32/syscalls.o
 .debug_ranges  0x00000118       0x70 Application/User/se_crypto_bootloader.o
 .debug_ranges  0x00000188       0xb0 Application/User/se_low_level.o
 .debug_ranges  0x00000238       0x48 Drivers/STM32L4xx_HAL_Driver/stm32l4xx_hal_crc.o
 .debug_ranges  0x00000280       0x20 Drivers/STM32L4xx_HAL_Driver/stm32l4xx_hal_crc_ex.o
 .debug_ranges  0x000002a0       0x98 Drivers/STM32L4xx_HAL_Driver/stm32l4xx_hal_flash.o
 .debug_ranges  0x00000338      0x120 Drivers/STM32L4xx_HAL_Driver/stm32l4xx_hal_flash_ex.o
 .debug_ranges  0x00000458       0x58 Middlewares/STM32_Secure_Engine/se_bootinfo.o
 .debug_ranges  0x000004b0       0x50 Middlewares/STM32_Secure_Engine/se_callgate.o
 .debug_ranges  0x00000500       0x18 Middlewares/STM32_Secure_Engine/se_exception.o
 .debug_ranges  0x00000518       0x20 Middlewares/STM32_Secure_Engine/se_fwimg.o
 .debug_ranges  0x00000538       0x10 Middlewares/STM32_Secure_Engine/se_startup.o
 .debug_ranges  0x00000548       0x10 Middlewares/STM32_Secure_Engine/se_user_application.o
 .debug_ranges  0x00000558       0x20 Middlewares/STM32_Secure_Engine/se_utils.o
 .debug_ranges  0x00000578      0x300 Middlewares/Third_Party/mbedTLS/bignum.o
 .debug_ranges  0x00000878       0x90 Middlewares/Third_Party/mbedTLS/ecdsa.o
 .debug_ranges  0x00000908      0x2f8 Middlewares/Third_Party/mbedTLS/ecp.o
 .debug_ranges  0x00000c00       0xd8 Middlewares/Third_Party/mbedTLS/ecp_curves.o
 .debug_ranges  0x00000cd8       0x10 Middlewares/Third_Party/mbedTLS/platform_util.o
 .debug_ranges  0x00000ce8       0x78 Middlewares/Third_Party/mbedTLS/sha256.o

.debug_macro    0x00000000    0x27a02
 .debug_macro   0x00000000       0x20 Application/SW4STM32/data_init.o
 .debug_macro   0x00000020      0xa60 Application/SW4STM32/data_init.o
 .debug_macro   0x00000a80      0x34e Application/SW4STM32/data_init.o
 .debug_macro   0x00000dce      0x243 Application/SW4STM32/syscalls.o
 .debug_macro   0x00001011       0x22 Application/SW4STM32/syscalls.o
 .debug_macro   0x00001033       0x58 Application/SW4STM32/syscalls.o
 .debug_macro   0x0000108b       0x18 Application/SW4STM32/syscalls.o
 .debug_macro   0x000010a3       0x94 Application/SW4STM32/syscalls.o
 .debug_macro   0x00001137       0x35 Application/SW4STM32/syscalls.o
 .debug_macro   0x0000116c       0x34 Application/SW4STM32/syscalls.o
 .debug_macro   0x000011a0       0x57 Application/SW4STM32/syscalls.o
 .debug_macro   0x000011f7      0x174 Application/SW4STM32/syscalls.o
 .debug_macro   0x0000136b      0x330 Application/SW4STM32/syscalls.o
 .debug_macro   0x0000169b       0x58 Application/SW4STM32/syscalls.o
 .debug_macro   0x000016f3       0x1f Application/SW4STM32/syscalls.o
 .debug_macro   0x00001712       0x43 Application/SW4STM32/syscalls.o
 .debug_macro   0x00001755       0x20 Application/SW4STM32/syscalls.o
 .debug_macro   0x00001775      0x18e Application/SW4STM32/syscalls.o
 .debug_macro   0x00001903       0x10 Application/SW4STM32/syscalls.o
 .debug_macro   0x00001913       0x35 Application/SW4STM32/syscalls.o
 .debug_macro   0x00001948       0x10 Application/SW4STM32/syscalls.o
 .debug_macro   0x00001958       0x10 Application/SW4STM32/syscalls.o
 .debug_macro   0x00001968       0x10 Application/SW4STM32/syscalls.o
 .debug_macro   0x00001978       0x6a Application/SW4STM32/syscalls.o
 .debug_macro   0x000019e2       0x1c Application/SW4STM32/syscalls.o
 .debug_macro   0x000019fe       0x52 Application/SW4STM32/syscalls.o
 .debug_macro   0x00001a50       0x40 Application/SW4STM32/syscalls.o
 .debug_macro   0x00001a90       0x10 Application/SW4STM32/syscalls.o
 .debug_macro   0x00001aa0       0x40 Application/SW4STM32/syscalls.o
 .debug_macro   0x00001ae0       0xd7 Application/SW4STM32/syscalls.o
 .debug_macro   0x00001bb7       0x1c Application/SW4STM32/syscalls.o
 .debug_macro   0x00001bd3       0x3d Application/SW4STM32/syscalls.o
 .debug_macro   0x00001c10       0x35 Application/SW4STM32/syscalls.o
 .debug_macro   0x00001c45      0x122 Application/SW4STM32/syscalls.o
 .debug_macro   0x00001d67       0x16 Application/SW4STM32/syscalls.o
 .debug_macro   0x00001d7d       0x16 Application/SW4STM32/syscalls.o
 .debug_macro   0x00001d93       0x29 Application/SW4STM32/syscalls.o
 .debug_macro   0x00001dbc       0x10 Application/SW4STM32/syscalls.o
 .debug_macro   0x00001dcc      0x241 Application/SW4STM32/syscalls.o
 .debug_macro   0x0000200d       0x1c Application/SW4STM32/syscalls.o
 .debug_macro   0x00002029       0x10 Application/SW4STM32/syscalls.o
 .debug_macro   0x00002039       0x10 Application/SW4STM32/syscalls.o
 .debug_macro   0x00002049       0x16 Application/SW4STM32/syscalls.o
 .debug_macro   0x0000205f      0x16f Application/SW4STM32/syscalls.o
 .debug_macro   0x000021ce      0x189 Application/SW4STM32/syscalls.o
 .debug_macro   0x00002357       0x16 Application/SW4STM32/syscalls.o
 .debug_macro   0x0000236d       0x88 Application/SW4STM32/syscalls.o
 .debug_macro   0x000023f5      0x372 Application/User/se_crypto_bootloader.o
 .debug_macro   0x00002767       0x10 Application/User/se_crypto_bootloader.o
 .debug_macro   0x00002777       0x22 Application/User/se_crypto_bootloader.o
 .debug_macro   0x00002799       0xd9 Application/User/se_crypto_bootloader.o
 .debug_macro   0x00002872       0x2b Application/User/se_crypto_bootloader.o
 .debug_macro   0x0000289d      0x118 Application/User/se_crypto_bootloader.o
 .debug_macro   0x000029b5       0xef Application/User/se_crypto_bootloader.o
 .debug_macro   0x00002aa4      0x1df Application/User/se_crypto_bootloader.o
 .debug_macro   0x00002c83       0x72 Application/User/se_crypto_bootloader.o
 .debug_macro   0x00002cf5       0x71 Application/User/se_crypto_bootloader.o
 .debug_macro   0x00002d66       0x36 Application/User/se_crypto_bootloader.o
 .debug_macro   0x00002d9c       0x18 Application/User/se_crypto_bootloader.o
 .debug_macro   0x00002db4       0x5a Application/User/se_crypto_bootloader.o
 .debug_macro   0x00002e0e       0x26 Application/User/se_crypto_bootloader.o
 .debug_macro   0x00002e34       0x34 Application/User/se_crypto_bootloader.o
 .debug_macro   0x00002e68       0x40 Application/User/se_crypto_bootloader.o
 .debug_macro   0x00002ea8       0x8e Application/User/se_crypto_bootloader.o
 .debug_macro   0x00002f36       0x5e Application/User/se_crypto_bootloader.o
 .debug_macro   0x00002f94      0x194 Application/User/se_crypto_bootloader.o
 .debug_macro   0x00003128       0x2e Application/User/se_crypto_bootloader.o
 .debug_macro   0x00003156       0x28 Application/User/se_crypto_bootloader.o
 .debug_macro   0x0000317e       0x1c Application/User/se_crypto_bootloader.o
 .debug_macro   0x0000319a       0x22 Application/User/se_crypto_bootloader.o
 .debug_macro   0x000031bc       0xd9 Application/User/se_crypto_bootloader.o
 .debug_macro   0x00003295     0x102d Application/User/se_crypto_bootloader.o
 .debug_macro   0x000042c2      0x11f Application/User/se_crypto_bootloader.o
 .debug_macro   0x000043e1    0x1a11f Application/User/se_crypto_bootloader.o
 .debug_macro   0x0001e500       0x43 Application/User/se_crypto_bootloader.o
 .debug_macro   0x0001e543     0x3820 Application/User/se_crypto_bootloader.o
 .debug_macro   0x00021d63       0x54 Application/User/se_crypto_bootloader.o
 .debug_macro   0x00021db7     0x155f Application/User/se_crypto_bootloader.o
 .debug_macro   0x00023316      0x59e Application/User/se_crypto_bootloader.o
 .debug_macro   0x000238b4      0x13d Application/User/se_crypto_bootloader.o
 .debug_macro   0x000239f1      0x18b Application/User/se_crypto_bootloader.o
 .debug_macro   0x00023b7c       0xd5 Application/User/se_crypto_bootloader.o
 .debug_macro   0x00023c51       0x4c Application/User/se_crypto_bootloader.o
 .debug_macro   0x00023c9d       0xa9 Application/User/se_crypto_bootloader.o
 .debug_macro   0x00023d46      0x36e Application/User/se_crypto_bootloader.o
 .debug_macro   0x000240b4       0xe4 Application/User/se_crypto_bootloader.o
 .debug_macro   0x00024198      0x122 Application/User/se_crypto_bootloader.o
 .debug_macro   0x000242ba      0x3d4 Application/User/se_crypto_bootloader.o
 .debug_macro   0x0002468e      0x349 Application/User/se_crypto_bootloader.o
 .debug_macro   0x000249d7       0x28 Application/User/se_crypto_bootloader.o
 .debug_macro   0x000249ff      0x2b8 Application/User/se_low_level.o
 .debug_macro   0x00024cb7       0x8e Application/User/se_low_level.o
 .debug_macro   0x00024d45       0x51 Application/User/se_low_level.o
 .debug_macro   0x00024d96       0x3a Application/User/se_low_level.o
 .debug_macro   0x00024dd0       0xdf Application/User/se_low_level.o
 .debug_macro   0x00024eaf       0x5a Application/User/se_low_level.o
 .debug_macro   0x00024f09       0x5e Application/User/se_low_level.o
 .debug_macro   0x00024f67      0x32a Application/User/se_low_level.o
 .debug_macro   0x00025291      0x198 Drivers/STM32L4xx_HAL_Driver/stm32l4xx_hal_crc.o
 .debug_macro   0x00025429      0x198 Drivers/STM32L4xx_HAL_Driver/stm32l4xx_hal_crc_ex.o
 .debug_macro   0x000255c1      0x19e Drivers/STM32L4xx_HAL_Driver/stm32l4xx_hal_flash.o
 .debug_macro   0x0002575f      0x198 Drivers/STM32L4xx_HAL_Driver/stm32l4xx_hal_flash_ex.o
 .debug_macro   0x000258f7      0x2ce Middlewares/STM32_Secure_Engine/se_bootinfo.o
 .debug_macro   0x00025bc5      0x3dc Middlewares/STM32_Secure_Engine/se_callgate.o
 .debug_macro   0x00025fa1       0x58 Middlewares/STM32_Secure_Engine/se_callgate.o
 .debug_macro   0x00025ff9       0x25 Middlewares/STM32_Secure_Engine/se_callgate.o
 .debug_macro   0x0002601e       0x10 Middlewares/STM32_Secure_Engine/se_callgate.o
 .debug_macro   0x0002602e       0x70 Middlewares/STM32_Secure_Engine/se_callgate.o
 .debug_macro   0x0002609e       0x16 Middlewares/STM32_Secure_Engine/se_callgate.o
 .debug_macro   0x000260b4      0x200 Middlewares/STM32_Secure_Engine/se_exception.o
 .debug_macro   0x000262b4      0x2c2 Middlewares/STM32_Secure_Engine/se_fwimg.o
 .debug_macro   0x00026576       0xa1 Middlewares/STM32_Secure_Engine/se_startup.o
 .debug_macro   0x00026617      0x2b8 Middlewares/STM32_Secure_Engine/se_user_application.o
 .debug_macro   0x000268cf      0x200 Middlewares/STM32_Secure_Engine/se_utils.o
 .debug_macro   0x00026acf      0x307 Middlewares/Third_Party/mbedTLS/bignum.o
 .debug_macro   0x00026dd6       0x1f Middlewares/Third_Party/mbedTLS/bignum.o
 .debug_macro   0x00026df5       0x16 Middlewares/Third_Party/mbedTLS/bignum.o
 .debug_macro   0x00026e0b       0x72 Middlewares/Third_Party/mbedTLS/bignum.o
 .debug_macro   0x00026e7d      0x1e2 Middlewares/Third_Party/mbedTLS/ecdsa.o
 .debug_macro   0x0002705f       0xbe Middlewares/Third_Party/mbedTLS/ecdsa.o
 .debug_macro   0x0002711d       0x46 Middlewares/Third_Party/mbedTLS/ecdsa.o
 .debug_macro   0x00027163      0x322 Middlewares/Third_Party/mbedTLS/ecp.o
 .debug_macro   0x00027485       0x16 Middlewares/Third_Party/mbedTLS/ecp.o
 .debug_macro   0x0002749b      0x229 Middlewares/Third_Party/mbedTLS/ecp_curves.o
 .debug_macro   0x000276c4      0x159 Middlewares/Third_Party/mbedTLS/platform_util.o
 .debug_macro   0x0002781d      0x1e5 Middlewares/Third_Party/mbedTLS/sha256.o

.debug_line     0x00000000     0xd79a
 .debug_line    0x00000000      0x1d2 Application/SW4STM32/data_init.o
 .debug_line    0x000001d2      0x10c Application/SW4STM32/se_key.o
 .debug_line    0x000002de      0x102 Application/SW4STM32/startup_stm32l476xx.o
 .debug_line    0x000003e0      0x66b Application/SW4STM32/syscalls.o
 .debug_line    0x00000a4b      0xecc Application/User/se_crypto_bootloader.o
 .debug_line    0x00001917      0xd38 Application/User/se_low_level.o
 .debug_line    0x0000264f      0x944 Drivers/STM32L4xx_HAL_Driver/stm32l4xx_hal_crc.o
 .debug_line    0x00002f93      0x852 Drivers/STM32L4xx_HAL_Driver/stm32l4xx_hal_crc_ex.o
 .debug_line    0x000037e5      0xa2e Drivers/STM32L4xx_HAL_Driver/stm32l4xx_hal_flash.o
 .debug_line    0x00004213      0xa90 Drivers/STM32L4xx_HAL_Driver/stm32l4xx_hal_flash_ex.o
 .debug_line    0x00004ca3      0xb57 Middlewares/STM32_Secure_Engine/se_bootinfo.o
 .debug_line    0x000057fa      0xed6 Middlewares/STM32_Secure_Engine/se_callgate.o
 .debug_line    0x000066d0      0xa17 Middlewares/STM32_Secure_Engine/se_exception.o
 .debug_line    0x000070e7      0xb01 Middlewares/STM32_Secure_Engine/se_fwimg.o
 .debug_line    0x00007be8       0xd4 Middlewares/STM32_Secure_Engine/se_stack_smuggler_GNU.o
 .debug_line    0x00007cbc      0x456 Middlewares/STM32_Secure_Engine/se_startup.o
 .debug_line    0x00008112      0xa99 Middlewares/STM32_Secure_Engine/se_user_application.o
 .debug_line    0x00008bab      0xa17 Middlewares/STM32_Secure_Engine/se_utils.o
 .debug_line    0x000095c2     0x13d5 Middlewares/Third_Party/mbedTLS/bignum.o
 .debug_line    0x0000a997      0x7f5 Middlewares/Third_Party/mbedTLS/ecdsa.o
 .debug_line    0x0000b18c     0x105b Middlewares/Third_Party/mbedTLS/ecp.o
 .debug_line    0x0000c1e7      0x72c Middlewares/Third_Party/mbedTLS/ecp_curves.o
 .debug_line    0x0000c913      0x5df Middlewares/Third_Party/mbedTLS/platform_util.o
 .debug_line    0x0000cef2      0x8a8 Middlewares/Third_Party/mbedTLS/sha256.o

.debug_str      0x00000000    0xe4ff8
 .debug_str     0x00000000     0x37fa Application/SW4STM32/data_init.o
                               0x396e (size before relaxing)
 .debug_str     0x000037fa       0xc4 Application/SW4STM32/se_key.o
                                0x18a (size before relaxing)
 .debug_str     0x000038be       0xc3 Application/SW4STM32/startup_stm32l476xx.o
                                0x197 (size before relaxing)
 .debug_str     0x00003981     0x574c Application/SW4STM32/syscalls.o
                               0x8731 (size before relaxing)
 .debug_str     0x000090cd    0xd7721 Application/User/se_crypto_bootloader.o
                              0xddaec (size before relaxing)
 .debug_str     0x000e07ee      0x716 Application/User/se_low_level.o
                              0xdca60 (size before relaxing)
 .debug_str     0x000e0f04      0x124 Drivers/STM32L4xx_HAL_Driver/stm32l4xx_hal_crc.o
                              0xd8922 (size before relaxing)
 .debug_str     0x000e1028       0xbf Drivers/STM32L4xx_HAL_Driver/stm32l4xx_hal_crc_ex.o
                              0xd88dc (size before relaxing)
 .debug_str     0x000e10e7      0x296 Drivers/STM32L4xx_HAL_Driver/stm32l4xx_hal_flash.o
                              0xd89a9 (size before relaxing)
 .debug_str     0x000e137d      0x291 Drivers/STM32L4xx_HAL_Driver/stm32l4xx_hal_flash_ex.o
                              0xd8a19 (size before relaxing)
 .debug_str     0x000e160e      0x321 Middlewares/STM32_Secure_Engine/se_bootinfo.o
                              0xdc66f (size before relaxing)
 .debug_str     0x000e192f      0x7ce Middlewares/STM32_Secure_Engine/se_callgate.o
                              0xddf20 (size before relaxing)
 .debug_str     0x000e20fd       0xc5 Middlewares/STM32_Secure_Engine/se_exception.o
                              0xd98c9 (size before relaxing)
 .debug_str     0x000e21c2       0x94 Middlewares/STM32_Secure_Engine/se_fwimg.o
                              0xdc413 (size before relaxing)
 .debug_str     0x000e2256       0x99 Middlewares/STM32_Secure_Engine/se_stack_smuggler_GNU.o
                                0x16d (size before relaxing)
 .debug_str     0x000e22ef       0x9e Middlewares/STM32_Secure_Engine/se_startup.o
                               0x40f3 (size before relaxing)
 .debug_str     0x000e238d       0xa8 Middlewares/STM32_Secure_Engine/se_user_application.o
                              0xdc4b3 (size before relaxing)
 .debug_str     0x000e2435       0xcc Middlewares/STM32_Secure_Engine/se_utils.o
                              0xd9891 (size before relaxing)
 .debug_str     0x000e2501      0xba5 Middlewares/Third_Party/mbedTLS/bignum.o
                               0x95d8 (size before relaxing)
 .debug_str     0x000e30a6      0xb5f Middlewares/Third_Party/mbedTLS/ecdsa.o
                               0x87cb (size before relaxing)
 .debug_str     0x000e3c05      0x744 Middlewares/Third_Party/mbedTLS/ecp.o
                               0x9b9f (size before relaxing)
 .debug_str     0x000e4349      0x712 Middlewares/Third_Party/mbedTLS/ecp_curves.o
                               0x8122 (size before relaxing)
 .debug_str     0x000e4a5b       0x9d Middlewares/Third_Party/mbedTLS/platform_util.o
                               0x676e (size before relaxing)
 .debug_str     0x000e4af8      0x500 Middlewares/Third_Party/mbedTLS/sha256.o
                               0x784d (size before relaxing)

.comment        0x00000000       0x7f
 .comment       0x00000000       0x7f Application/SW4STM32/data_init.o
                                 0x80 (size before relaxing)
 .comment       0x0000007f       0x80 Application/SW4STM32/syscalls.o
 .comment       0x0000007f       0x80 Application/User/se_crypto_bootloader.o
 .comment       0x0000007f       0x80 Application/User/se_low_level.o
 .comment       0x0000007f       0x80 Drivers/STM32L4xx_HAL_Driver/stm32l4xx_hal_crc.o
 .comment       0x0000007f       0x80 Drivers/STM32L4xx_HAL_Driver/stm32l4xx_hal_crc_ex.o
 .comment       0x0000007f       0x80 Drivers/STM32L4xx_HAL_Driver/stm32l4xx_hal_flash.o
 .comment       0x0000007f       0x80 Drivers/STM32L4xx_HAL_Driver/stm32l4xx_hal_flash_ex.o
 .comment       0x0000007f       0x80 Middlewares/STM32_Secure_Engine/se_bootinfo.o
 .comment       0x0000007f       0x80 Middlewares/STM32_Secure_Engine/se_callgate.o
 .comment       0x0000007f       0x80 Middlewares/STM32_Secure_Engine/se_exception.o
 .comment       0x0000007f       0x80 Middlewares/STM32_Secure_Engine/se_fwimg.o
 .comment       0x0000007f       0x80 Middlewares/STM32_Secure_Engine/se_startup.o
 .comment       0x0000007f       0x80 Middlewares/STM32_Secure_Engine/se_user_application.o
 .comment       0x0000007f       0x80 Middlewares/STM32_Secure_Engine/se_utils.o
 .comment       0x0000007f       0x80 Middlewares/Third_Party/mbedTLS/bignum.o
 .comment       0x0000007f       0x80 Middlewares/Third_Party/mbedTLS/ecdsa.o
 .comment       0x0000007f       0x80 Middlewares/Third_Party/mbedTLS/ecp.o
 .comment       0x0000007f       0x80 Middlewares/Third_Party/mbedTLS/ecp_curves.o
 .comment       0x0000007f       0x80 Middlewares/Third_Party/mbedTLS/platform_util.o
 .comment       0x0000007f       0x80 Middlewares/Third_Party/mbedTLS/sha256.o

.debug_frame    0x00000000     0x1cc0
 .debug_frame   0x00000000       0x64 Application/SW4STM32/data_init.o
 .debug_frame   0x00000064      0x1a8 Application/SW4STM32/syscalls.o
 .debug_frame   0x0000020c      0x100 Application/User/se_crypto_bootloader.o
 .debug_frame   0x0000030c      0x15c Application/User/se_low_level.o
 .debug_frame   0x00000468       0xec Drivers/STM32L4xx_HAL_Driver/stm32l4xx_hal_crc.o
 .debug_frame   0x00000554       0x48 Drivers/STM32L4xx_HAL_Driver/stm32l4xx_hal_crc_ex.o
 .debug_frame   0x0000059c      0x120 Drivers/STM32L4xx_HAL_Driver/stm32l4xx_hal_flash.o
 .debug_frame   0x000006bc       0xbc Drivers/STM32L4xx_HAL_Driver/stm32l4xx_hal_flash_ex.o
 .debug_frame   0x00000778       0xcc Middlewares/STM32_Secure_Engine/se_bootinfo.o
 .debug_frame   0x00000844       0x84 Middlewares/STM32_Secure_Engine/se_callgate.o
 .debug_frame   0x000008c8       0x80 Middlewares/STM32_Secure_Engine/se_exception.o
 .debug_frame   0x00000948       0x78 Middlewares/STM32_Secure_Engine/se_fwimg.o
 .debug_frame   0x000009c0       0x28 Middlewares/STM32_Secure_Engine/se_startup.o
 .debug_frame   0x000009e8       0x34 Middlewares/STM32_Secure_Engine/se_user_application.o
 .debug_frame   0x00000a1c       0x54 Middlewares/STM32_Secure_Engine/se_utils.o
 .debug_frame   0x00000a70      0x684 Middlewares/Third_Party/mbedTLS/bignum.o
 .debug_frame   0x000010f4      0x194 Middlewares/Third_Party/mbedTLS/ecdsa.o
 .debug_frame   0x00001288      0x5e4 Middlewares/Third_Party/mbedTLS/ecp.o
 .debug_frame   0x0000186c       0x84 Middlewares/Third_Party/mbedTLS/ecp_curves.o
 .debug_frame   0x000018f0       0x20 Middlewares/Third_Party/mbedTLS/platform_util.o
 .debug_frame   0x00001910      0x150 Middlewares/Third_Party/mbedTLS/sha256.o
 .debug_frame   0x00001a60       0x2c c:/ac6/systemworkbench/plugins/fr.ac6.mcu.externaltools.arm-none.win32_1.17.0.201812190825/tools/compiler/bin/../lib/gcc/arm-none-eabi/7.3.1/thumb/v7e-m/fpv4-sp/softfp\libgcc.a(_aeabi_uldivmod.o)
 .debug_frame   0x00001a8c       0x34 c:/ac6/systemworkbench/plugins/fr.ac6.mcu.externaltools.arm-none.win32_1.17.0.201812190825/tools/compiler/bin/../lib/gcc/arm-none-eabi/7.3.1/thumb/v7e-m/fpv4-sp/softfp\libgcc.a(_udivmoddi4.o)
 .debug_frame   0x00001ac0       0x20 c:/ac6/systemworkbench/plugins/fr.ac6.mcu.externaltools.arm-none.win32_1.17.0.201812190825/tools/compiler/bin/../lib/gcc/arm-none-eabi/7.3.1/../../../../arm-none-eabi/lib/thumb/v7e-m/fpv4-sp/softfp\libc_nano.a(lib_a-calloc.o)
 .debug_frame   0x00001ae0       0x20 c:/ac6/systemworkbench/plugins/fr.ac6.mcu.externaltools.arm-none.win32_1.17.0.201812190825/tools/compiler/bin/../lib/gcc/arm-none-eabi/7.3.1/../../../../arm-none-eabi/lib/thumb/v7e-m/fpv4-sp/softfp\libc_nano.a(lib_a-errno.o)
 .debug_frame   0x00001b00       0x30 c:/ac6/systemworkbench/plugins/fr.ac6.mcu.externaltools.arm-none.win32_1.17.0.201812190825/tools/compiler/bin/../lib/gcc/arm-none-eabi/7.3.1/../../../../arm-none-eabi/lib/thumb/v7e-m/fpv4-sp/softfp\libc_nano.a(lib_a-malloc.o)
 .debug_frame   0x00001b30       0x28 c:/ac6/systemworkbench/plugins/fr.ac6.mcu.externaltools.arm-none.win32_1.17.0.201812190825/tools/compiler/bin/../lib/gcc/arm-none-eabi/7.3.1/../../../../arm-none-eabi/lib/thumb/v7e-m/fpv4-sp/softfp\libc_nano.a(lib_a-memcpy-stub.o)
 .debug_frame   0x00001b58       0x20 c:/ac6/systemworkbench/plugins/fr.ac6.mcu.externaltools.arm-none.win32_1.17.0.201812190825/tools/compiler/bin/../lib/gcc/arm-none-eabi/7.3.1/../../../../arm-none-eabi/lib/thumb/v7e-m/fpv4-sp/softfp\libc_nano.a(lib_a-memset.o)
 .debug_frame   0x00001b78       0x2c c:/ac6/systemworkbench/plugins/fr.ac6.mcu.externaltools.arm-none.win32_1.17.0.201812190825/tools/compiler/bin/../lib/gcc/arm-none-eabi/7.3.1/../../../../arm-none-eabi/lib/thumb/v7e-m/fpv4-sp/softfp\libc_nano.a(lib_a-nano-callocr.o)
 .debug_frame   0x00001ba4       0x38 c:/ac6/systemworkbench/plugins/fr.ac6.mcu.externaltools.arm-none.win32_1.17.0.201812190825/tools/compiler/bin/../lib/gcc/arm-none-eabi/7.3.1/../../../../arm-none-eabi/lib/thumb/v7e-m/fpv4-sp/softfp\libc_nano.a(lib_a-nano-freer.o)
 .debug_frame   0x00001bdc       0x2c c:/ac6/systemworkbench/plugins/fr.ac6.mcu.externaltools.arm-none.win32_1.17.0.201812190825/tools/compiler/bin/../lib/gcc/arm-none-eabi/7.3.1/../../../../arm-none-eabi/lib/thumb/v7e-m/fpv4-sp/softfp\libc_nano.a(lib_a-nano-mallocr.o)
 .debug_frame   0x00001c08       0x2c c:/ac6/systemworkbench/plugins/fr.ac6.mcu.externaltools.arm-none.win32_1.17.0.201812190825/tools/compiler/bin/../lib/gcc/arm-none-eabi/7.3.1/../../../../arm-none-eabi/lib/thumb/v7e-m/fpv4-sp/softfp\libc_nano.a(lib_a-sbrkr.o)
 .debug_frame   0x00001c34       0x30 c:/ac6/systemworkbench/plugins/fr.ac6.mcu.externaltools.arm-none.win32_1.17.0.201812190825/tools/compiler/bin/../lib/gcc/arm-none-eabi/7.3.1/../../../../arm-none-eabi/lib/thumb/v7e-m/fpv4-sp/softfp\libc_nano.a(lib_a-mlock.o)
 .debug_frame   0x00001c64       0x5c c:/ac6/systemworkbench/plugins/fr.ac6.mcu.externaltools.arm-none.win32_1.17.0.201812190825/tools/compiler/bin/../lib/gcc/arm-none-eabi/7.3.1/../../../../arm-none-eabi/lib/thumb/v7e-m/fpv4-sp/softfp\libc_nano.a(lib_a-reent.o)

.debug_loc      0x00000000     0xccff
 .debug_loc     0x00000000      0x3ef Application/SW4STM32/syscalls.o
 .debug_loc     0x000003ef      0x84f Application/User/se_crypto_bootloader.o
 .debug_loc     0x00000c3e      0x643 Application/User/se_low_level.o
 .debug_loc     0x00001281      0x47a Drivers/STM32L4xx_HAL_Driver/stm32l4xx_hal_crc.o
 .debug_loc     0x000016fb      0x142 Drivers/STM32L4xx_HAL_Driver/stm32l4xx_hal_crc_ex.o
 .debug_loc     0x0000183d      0x3d8 Drivers/STM32L4xx_HAL_Driver/stm32l4xx_hal_flash.o
 .debug_loc     0x00001c15      0x6d9 Drivers/STM32L4xx_HAL_Driver/stm32l4xx_hal_flash_ex.o
 .debug_loc     0x000022ee      0x28e Middlewares/STM32_Secure_Engine/se_bootinfo.o
 .debug_loc     0x0000257c      0x711 Middlewares/STM32_Secure_Engine/se_callgate.o
 .debug_loc     0x00002c8d      0x376 Middlewares/STM32_Secure_Engine/se_fwimg.o
 .debug_loc     0x00003003       0x5d Middlewares/STM32_Secure_Engine/se_user_application.o
 .debug_loc     0x00003060       0x4a Middlewares/STM32_Secure_Engine/se_utils.o
 .debug_loc     0x000030aa     0x4358 Middlewares/Third_Party/mbedTLS/bignum.o
 .debug_loc     0x00007402      0xe2a Middlewares/Third_Party/mbedTLS/ecdsa.o
 .debug_loc     0x0000822c     0x39c4 Middlewares/Third_Party/mbedTLS/ecp.o
 .debug_loc     0x0000bbf0      0x4b7 Middlewares/Third_Party/mbedTLS/ecp_curves.o
 .debug_loc     0x0000c0a7       0x4d Middlewares/Third_Party/mbedTLS/platform_util.o
 .debug_loc     0x0000c0f4      0xc0b Middlewares/Third_Party/mbedTLS/sha256.o
